ARM Linker, 5.03 [Build 24] [MDK-ARM Standard]

==============================================================================

Section Cross References

    main.o(.text) refers to stm32f10x_gpio.o(.text) for GPIO_ReadInputDataBit
    main.o(.text) refers to delay.o(.text) for Delay_us
    main.o(.text) refers to key.o(.text) for KEY_Init
    main.o(.text) refers to oled.o(.text) for OLED_Init
    main.o(.text) refers to mpu6050.o(.text) for MPU_Init
    main.o(.text) refers to pwm.o(.text) for TIM3_PWM_Init
    main.o(.text) refers to encoder.o(.text) for Encoder_Init_TIM4
    main.o(.text) refers to inv_mpu.o(.text) for mpu_dmp_init
    main.o(.text) refers to fflti.o(.text) for __aeabi_i2f
    main.o(.text) refers to fmul.o(.text) for __aeabi_fmul
    main.o(.text) refers to fadd.o(.text) for __aeabi_fsub
    main.o(.text) refers to ffixi.o(.text) for __aeabi_f2iz
    main.o(.text) refers to fdiv.o(.text) for __aeabi_fdiv
    main.o(.text) refers to motor.o(.text) for MotorCtrl
    main.o(.text) refers to stm32f10x_usart.o(.text) for USART_SendData
    main.o(.text) refers to main.o(.data) for .data
    stm32f10x_adc.o(.text) refers to stm32f10x_rcc.o(.text) for RCC_APB2PeriphResetCmd
    stm32f10x_bkp.o(.text) refers to stm32f10x_rcc.o(.text) for RCC_BackupResetCmd
    stm32f10x_can.o(.text) refers to stm32f10x_rcc.o(.text) for RCC_APB1PeriphResetCmd
    stm32f10x_cec.o(.text) refers to stm32f10x_rcc.o(.text) for RCC_APB1PeriphResetCmd
    stm32f10x_dac.o(.text) refers to stm32f10x_rcc.o(.text) for RCC_APB1PeriphResetCmd
    stm32f10x_gpio.o(.text) refers to stm32f10x_rcc.o(.text) for RCC_APB2PeriphResetCmd
    stm32f10x_i2c.o(.text) refers to stm32f10x_rcc.o(.text) for RCC_APB1PeriphResetCmd
    stm32f10x_pwr.o(.text) refers to stm32f10x_rcc.o(.text) for RCC_APB1PeriphResetCmd
    stm32f10x_rcc.o(.text) refers to stm32f10x_rcc.o(.data) for .data
    stm32f10x_spi.o(.text) refers to stm32f10x_rcc.o(.text) for RCC_APB2PeriphResetCmd
    stm32f10x_tim.o(.text) refers to stm32f10x_rcc.o(.text) for RCC_APB1PeriphResetCmd
    stm32f10x_usart.o(.text) refers to stm32f10x_rcc.o(.text) for RCC_APB2PeriphResetCmd
    stm32f10x_wwdg.o(.text) refers to stm32f10x_rcc.o(.text) for RCC_APB1PeriphResetCmd
    system_stm32f10x.o(.text) refers to system_stm32f10x.o(.data) for .data
    startup_stm32f10x_hd.o(RESET) refers to startup_stm32f10x_hd.o(STACK) for __initial_sp
    startup_stm32f10x_hd.o(RESET) refers to startup_stm32f10x_hd.o(.text) for Reset_Handler
    startup_stm32f10x_hd.o(RESET) refers to stm32f10x_it.o(.text) for NMI_Handler
    startup_stm32f10x_hd.o(RESET) refers to delay.o(.text) for SysTick_Handler
    startup_stm32f10x_hd.o(RESET) refers to usart.o(.text) for USART1_IRQHandler
    startup_stm32f10x_hd.o(RESET) refers to capture.o(.text) for TIM5_IRQHandler
    startup_stm32f10x_hd.o(.text) refers to system_stm32f10x.o(.text) for SystemInit
    startup_stm32f10x_hd.o(.text) refers to entry.o(.ARM.Collect$$$$00000000) for __main
    adc.o(.text) refers to stm32f10x_dma.o(.text) for DMA_DeInit
    adc.o(.text) refers to stm32f10x_adc.o(.text) for ADC_Init
    adc.o(.text) refers to stm32f10x_rcc.o(.text) for RCC_ADCCLKConfig
    adc.o(.text) refers to stm32f10x_gpio.o(.text) for GPIO_Init
    adc.o(.text) refers to adc.o(.bss) for .bss
    led.o(.text) refers to stm32f10x_rcc.o(.text) for RCC_APB2PeriphClockCmd
    led.o(.text) refers to stm32f10x_gpio.o(.text) for GPIO_Init
    usart.o(.text) refers to stm32f10x_rcc.o(.text) for RCC_APB2PeriphClockCmd
    usart.o(.text) refers to stm32f10x_usart.o(.text) for USART_DeInit
    usart.o(.text) refers to stm32f10x_gpio.o(.text) for GPIO_Init
    usart.o(.text) refers to misc.o(.text) for NVIC_Init
    delay.o(.text) refers to system_stm32f10x.o(.data) for SystemCoreClock
    delay.o(.text) refers to delay.o(.data) for .data
    pwm.o(.text) refers to stm32f10x_rcc.o(.text) for RCC_APB1PeriphClockCmd
    pwm.o(.text) refers to stm32f10x_gpio.o(.text) for GPIO_PinRemapConfig
    pwm.o(.text) refers to stm32f10x_tim.o(.text) for TIM_TimeBaseInit
    beep.o(.text) refers to stm32f10x_rcc.o(.text) for RCC_APB2PeriphClockCmd
    beep.o(.text) refers to stm32f10x_gpio.o(.text) for GPIO_Init
    key.o(.text) refers to stm32f10x_rcc.o(.text) for RCC_APB2PeriphClockCmd
    key.o(.text) refers to stm32f10x_gpio.o(.text) for GPIO_Init
    key.o(.text) refers to delay.o(.text) for Delay_us
    key.o(.text) refers to key.o(.data) for .data
    i2c.o(.text) refers to stm32f10x_rcc.o(.text) for RCC_APB2PeriphClockCmd
    i2c.o(.text) refers to stm32f10x_gpio.o(.text) for GPIO_Init
    i2c.o(.text) refers to delay.o(.text) for Delay_us
    24c02.o(.text) refers to i2c.o(.text) for IIC_Init
    24c02.o(.text) refers to delay.o(.text) for Delay_us
    encoder.o(.text) refers to stm32f10x_rcc.o(.text) for RCC_APB1PeriphClockCmd
    encoder.o(.text) refers to stm32f10x_gpio.o(.text) for GPIO_Init
    encoder.o(.text) refers to stm32f10x_tim.o(.text) for TIM_TimeBaseInit
[...]
    Removing infrared.o(.data), (1 bytes).
    Removing infrared.o(.data), (4 bytes).
    Removing infrared.o(.data), (1 bytes).
    Removing infrared.o(.data), (2 bytes).
    Removing infrared.o(.data), (2 bytes).
    Removing infrared.o(.data), (2 bytes).
    Removing infrared.o(.data), (2 bytes).
    Removing sys.o(.emb_text), (6 bytes).
    Removing sys.o(.text), (12 bytes).
    Removing dfixul.o(.text), (48 bytes).
    Removing cdrcmple.o(.text), (40 bytes).
    Removing cdcmple.o(.text), (40 bytes).

50 unused section(s) (total 11642 bytes) removed from the image.

==============================================================================

Image Symbol Table

    Local Symbols

    Symbol Name                              Value     Ov Type        Size  Object(Section)

    ../clib/microlib/division.c              0x00000000   Number         0  ldiv.o ABSOLUTE
    ../clib/microlib/division.c              0x00000000   Number         0  uldiv.o ABSOLUTE
    ../clib/microlib/division.c              0x00000000   Number         0  uidiv.o ABSOLUTE
    ../clib/microlib/errno.c                 0x00000000   Number         0  errno.o ABSOLUTE
    ../clib/microlib/init/entry.s            0x00000000   Number         0  entry8a.o ABSOLUTE
    ../clib/microlib/init/entry.s            0x00000000   Number         0  entry2.o ABSOLUTE
    ../clib/microlib/init/entry.s            0x00000000   Number         0  entry10b.o ABSOLUTE
    ../clib/microlib/init/entry.s            0x00000000   Number         0  entry10a.o ABSOLUTE
    ../clib/microlib/init/entry.s            0x00000000   Number         0  entry9b.o ABSOLUTE
    ../clib/microlib/init/entry.s            0x00000000   Number         0  entry9a.o ABSOLUTE
    ../clib/microlib/init/entry.s            0x00000000   Number         0  entry.o ABSOLUTE
    ../clib/microlib/init/entry.s            0x00000000   Number         0  entry8b.o ABSOLUTE
    ../clib/microlib/init/entry.s            0x00000000   Number         0  entry7b.o ABSOLUTE
    ../clib/microlib/init/entry.s            0x00000000   Number         0  entry7a.o ABSOLUTE
    ../clib/microlib/init/entry.s            0x00000000   Number         0  entry5.o ABSOLUTE
    ../clib/microlib/init/entry.s            0x00000000   Number         0  entry11a.o ABSOLUTE
    ../clib/microlib/init/entry.s            0x00000000   Number         0  entry11b.o ABSOLUTE
    ../clib/microlib/longlong.c              0x00000000   Number         0  llsshr.o ABSOLUTE
    ../clib/microlib/longlong.c              0x00000000   Number         0  llushr.o ABSOLUTE
    ../clib/microlib/longlong.c              0x00000000   Number         0  llshl.o ABSOLUTE
    ../clib/microlib/printf/printf.c         0x00000000   Number         0  printf7.o ABSOLUTE
    ../clib/microlib/printf/printf.c         0x00000000   Number         0  printf2.o ABSOLUTE
    ../clib/microlib/printf/printf.c         0x00000000   Number         0  printf8.o ABSOLUTE
    ../clib/microlib/printf/printf.c         0x00000000   Number         0  printf4.o ABSOLUTE
    ../clib/microlib/printf/printf.c         0x00000000   Number         0  printf0.o ABSOLUTE
    ../clib/microlib/printf/printf.c         0x00000000   Number         0  printf3.o ABSOLUTE
    ../clib/microlib/printf/printf.c         0x00000000   Number         0  printf5.o ABSOLUTE
    ../clib/microlib/printf/printf.c         0x00000000   Number         0  printf6.o ABSOLUTE
    ../clib/microlib/printf/printf.c         0x00000000   Number         0  printf1.o ABSOLUTE
    ../clib/microlib/printf/printf.c         0x00000000   Number         0  printfb.o ABSOLUTE
    ../clib/microlib/printf/printf.c         0x00000000   Number         0  printfa.o ABSOLUTE
    ../clib/microlib/printf/stubs.s          0x00000000   Number         0  stubs.o ABSOLUTE
    ../clib/microlib/stdio/streams.c         0x00000000   Number         0  stdout.o ABSOLUTE
    ../clib/microlib/string/memcmp.c         0x00000000   Number         0  memcmp.o ABSOLUTE
    ../clib/microlib/string/memset.c         0x00000000   Number         0  memseta.o ABSOLUTE
    ../clib/microlib/stubs.s                 0x00000000   Number         0  iusefp.o ABSOLUTE
    ../fplib/microlib/d2f.c                  0x00000000   Number         0  d2f.o ABSOLUTE
    ../fplib/microlib/f2d.c                  0x00000000   Number         0  f2d.o ABSOLUTE
    ../fplib/microlib/fpadd.c                0x00000000   Number         0  dadd.o ABSOLUTE
    ../fplib/microlib/fpadd.c                0x00000000   Number         0  fadd.o ABSOLUTE
    ../fplib/microlib/fpdiv.c                0x00000000   Number         0  fdiv.o ABSOLUTE
    ../fplib/microlib/fpdiv.c                0x00000000   Number         0  ddiv.o ABSOLUTE
    ../fplib/microlib/fpepilogue.c           0x00000000   Number         0  fepilogue.o ABSOLUTE
    ../fplib/microlib/fpepilogue.c           0x00000000   Number         0  depilogue.o ABSOLUTE
    ../fplib/microlib/fpfix.c                0x00000000   Number         0  ffixui.o ABSOLUTE
    ../fplib/microlib/fpfix.c                0x00000000   Number         0  ffixi.o ABSOLUTE
    ../fplib/microlib/fpfix.c                0x00000000   Number         0  dfixul.o ABSOLUTE
    ../fplib/microlib/fpflt.c                0x00000000   Number         0  dflti.o ABSOLUTE
    ../fplib/microlib/fpflt.c                0x00000000   Number         0  ffltui.o ABSOLUTE
    ../fplib/microlib/fpflt.c                0x00000000   Number         0  fflti.o ABSOLUTE
    ../fplib/microlib/fpmul.c                0x00000000   Number         0  dmul.o ABSOLUTE
    ../fplib/microlib/fpmul.c                0x00000000   Number         0  fmul.o ABSOLUTE
    ../fplib/microlib/fpscalb.c              0x00000000   Number         0  fscalb.o ABSOLUTE
    ../fplib/microlib/fpscalb.c              0x00000000   Number         0  dscalb.o ABSOLUTE
    ../fplib/microlib/fpsqrt.c               0x00000000   Number         0  dsqrt.o ABSOLUTE
    ../mathlib/asin.c                        0x00000000   Number         0  asin_x.o ABSOLUTE
    ../mathlib/asin.c                        0x00000000   Number         0  asin.o ABSOLUTE
    ../mathlib/atan.c                        0x00000000   Number         0  atan.o ABSOLUTE
    ../mathlib/atan.c                        0x00000000   Number         0  atan_x.o ABSOLUTE
    ../mathlib/atan2.c                       0x00000000   Number         0  atan2_x.o ABSOLUTE
    ../mathlib/atan2.c                       0x00000000   Number         0  atan2.o ABSOLUTE
    ../mathlib/dunder.c                      0x00000000   Number         0  dunder.o ABSOLUTE
    ../mathlib/fpclassify.c                  0x00000000   Number         0  fpclassify.o ABSOLUTE
    ../mathlib/poly.c                        0x00000000   Number         0  poly.o ABSOLUTE
    ../mathlib/qnan.c                        0x00000000   Number         0  qnan.o ABSOLUTE
    ../mathlib/sqrt.c                        0x00000000   Number         0  sqrt.o ABSOLUTE
    ../mathlib/sqrt.c                        0x00000000   Number         0  sqrt_x.o ABSOLUTE
    ..\CMSIS\core_cm3.c                      0x00000000   Number         0  core_cm3.o ABSOLUTE
    ..\CMSIS\startup\arm\startup_stm32f10x_hd.s 0x00000000   Number         0  startup_stm32f10x_hd.o ABSOLUTE
    ..\CMSIS\system_stm32f10x.c              0x00000000   Number         0  system_stm32f10x.o ABSOLUTE
    ..\FWLib\src\misc.c                      0x00000000   Number         0  misc.o ABSOLUTE
    ..\FWLib\src\stm32f10x_adc.c             0x00000000   Number         0  stm32f10x_adc.o ABSOLUTE
    ..\FWLib\src\stm32f10x_bkp.c             0x00000000   Number         0  stm32f10x_bkp.o ABSOLUTE
    ..\FWLib\src\stm32f10x_can.c             0x00000000   Number         0  stm32f10x_can.o ABSOLUTE
    ..\FWLib\src\stm32f10x_cec.c             0x00000000   Number         0  stm32f10x_cec.o ABSOLUTE
    ..\FWLib\src\stm32f10x_crc.c             0x00000000   Number         0  stm32f10x_crc.o ABSOLUTE
    ..\FWLib\src\stm32f10x_dac.c             0x00000000   Number         0  stm32f10x_dac.o ABSOLUTE
    ..\FWLib\src\stm32f10x_dbgmcu.c          0x00000000   Number         0  stm32f10x_dbgmcu.o ABSOLUTE
    ..\FWLib\src\stm32f10x_dma.c             0x00000000   Number         0  stm32f10x_dma.o ABSOLUTE
    ..\FWLib\src\stm32f10x_exti.c            0x00000000   Number         0  stm32f10x_exti.o ABSOLUTE
    ..\FWLib\src\stm32f10x_flash.c           0x00000000   Number         0  stm32f10x_flash.o ABSOLUTE
    ..\FWLib\src\stm32f10x_fsmc.c            0x00000000   Number         0  stm32f10x_fsmc.o ABSOLUTE
    ..\FWLib\src\stm32f10x_gpio.c            0x00000000   Number         0  stm32f10x_gpio.o ABSOLUTE
    ..\FWLib\src\stm32f10x_i2c.c             0x00000000   Number         0  stm32f10x_i2c.o ABSOLUTE
    ..\FWLib\src\stm32f10x_iwdg.c            0x00000000   Number         0  stm32f10x_iwdg.o ABSOLUTE
    ..\FWLib\src\stm32f10x_pwr.c             0x00000000   Number         0  stm32f10x_pwr.o ABSOLUTE
    ..\FWLib\src\stm32f10x_rcc.c             0x00000000   Number         0  stm32f10x_rcc.o ABSOLUTE
    ..\FWLib\src\stm32f10x_rtc.c             0x00000000   Number         0  stm32f10x_rtc.o ABSOLUTE
    ..\FWLib\src\stm32f10x_sdio.c            0x00000000   Number         0  stm32f10x_sdio.o ABSOLUTE
    ..\FWLib\src\stm32f10x_spi.c             0x00000000   Number         0  stm32f10x_spi.o ABSOLUTE
    ..\FWLib\src\stm32f10x_tim.c             0x00000000   Number         0  stm32f10x_tim.o ABSOLUTE
    ..\FWLib\src\stm32f10x_usart.c           0x00000000   Number         0  stm32f10x_usart.o ABSOLUTE
    ..\FWLib\src\stm32f10x_wwdg.c            0x00000000   Number         0  stm32f10x_wwdg.o ABSOLUTE
    ..\MY\Infrared.c                         0x00000000   Number         0  infrared.o ABSOLUTE
    ..\MY\c\24c02.c                          0x00000000   Number         0  24c02.o ABSOLUTE
    ..\MY\c\HCSR04.c                         0x00000000   Number         0  hcsr04.o ABSOLUTE
    ..\MY\c\MPU6050.c                        0x00000000   Number         0  mpu6050.o ABSOLUTE
    ..\MY\c\adc.c                            0x00000000   Number         0  adc.o ABSOLUTE
    ..\MY\c\beep.c                           0x00000000   Number         0  beep.o ABSOLUTE
    ..\MY\c\capture.c                        0x00000000   Number         0  capture.o ABSOLUTE
    ..\MY\c\delay.c                          0x00000000   Number         0  delay.o ABSOLUTE
    ..\MY\c\encoder.c                        0x00000000   Number         0  encoder.o ABSOLUTE
    ..\MY\c\i2c.c                            0x00000000   Number         0  i2c.o ABSOLUTE
    ..\MY\c\inv_mpu.c                        0x00000000   Number         0  inv_mpu.o ABSOLUTE
    ..\MY\c\inv_mpu_dmp_motion_driver.c      0x00000000   Number         0  inv_mpu_dmp_motion_driver.o ABSOLUTE
    ..\MY\c\key.c                            0x00000000   Number         0  key.o ABSOLUTE
    ..\MY\c\lcd.c                            0x00000000   Number         0  lcd.o ABSOLUTE
    ..\MY\c\led.c                            0x00000000   Number         0  led.o ABSOLUTE
    ..\MY\c\motor.c                          0x00000000   Number         0  motor.o ABSOLUTE
    ..\MY\c\mpuiic.c                         0x00000000   Number         0  mpuiic.o ABSOLUTE
    ..\MY\c\oled.c                           0x00000000   Number         0  oled.o ABSOLUTE
    ..\MY\c\olediic.c                        0x00000000   Number         0  olediic.o ABSOLUTE
    ..\MY\c\pwm.c                            0x00000000   Number         0  pwm.o ABSOLUTE
    ..\MY\c\sys.c                            0x00000000   Number         0  sys.o ABSOLUTE
    ..\MY\c\usart.c                          0x00000000   Number         0  usart.o ABSOLUTE
    ..\\CMSIS\\core_cm3.c                    0x00000000   Number         0  core_cm3.o ABSOLUTE
    ..\\MY\\c\\sys.c                         0x00000000   Number         0  sys.o ABSOLUTE
    cdcmple.s                                0x00000000   Number         0  cdcmple.o ABSOLUTE
    cdrcmple.s                               0x00000000   Number         0  cdrcmple.o ABSOLUTE
    dc.s                                     0x00000000   Number         0  dc.o ABSOLUTE
    handlers.s                               0x00000000   Number         0  handlers.o ABSOLUTE
    init.s                                   0x00000000   Number         0  init.o ABSOLUTE
    main.c                                   0x00000000   Number         0  main.o ABSOLUTE
    stm32f10x_it.c                           0x00000000   Number         0  stm32f10x_it.o ABSOLUTE
    RESET                                    0x08000000   Section      304  startup_stm32f10x_hd.o(RESET)
    .ARM.Collect$$$$00000000                 0x08000130   Section        0  entry.o(.ARM.Collect$$$$00000000)
    .ARM.Collect$$$$00000001                 0x08000130   Section        4  entry2.o(.ARM.Collect$$$$00000001)
    .ARM.Collect$$$$00000004                 0x08000134   Section        4  entry5.o(.ARM.Collect$$$$00000004)
    .ARM.Collect$$$$00000008                 0x08000138   Section        0  entry7b.o(.ARM.Collect$$$$00000008)
    .ARM.Collect$$$$0000000A                 0x08000138   Section        0  entry8b.o(.ARM.Collect$$$$0000000A)
    .ARM.Collect$$$$0000000B                 0x08000138   Section        8  entry9a.o(.ARM.Collect$$$$0000000B)
    .ARM.Collect$$$$0000000D                 0x08000140   Section        0  entry10a.o(.ARM.Collect$$$$0000000D)
    .ARM.Collect$$$$0000000F                 0x08000140   Section        0  entry11a.o(.ARM.Collect$$$$0000000F)
    .ARM.Collect$$$$00002712                 0x08000140   Section        4  entry2.o(.ARM.Collect$$$$00002712)
    __lit__00000000                          0x08000140   Data           4  entry2.o(.ARM.Collect$$$$00002712)
    .text                                    0x08000144   Section        0  main.o(.text)
    .text                                    0x08000418   Section        0  stm32f10x_it.o(.text)
    .text                                    0x08000428   Section        0  misc.o(.text)
    .text                                    0x080004d8   Section        0  stm32f10x_gpio.o(.text)
    .text                                    0x0800073c   Section        0  stm32f10x_rcc.o(.text)
    .text                                    0x080009f4   Section        0  stm32f10x_tim.o(.text)
    TI2_Config                               0x08000d87   Thumb Code   166  stm32f10x_tim.o(.text)
    TI1_Config                               0x08000e3d   Thumb Code    88  stm32f10x_tim.o(.text)
    .text                                    0x080014e8   Section        0  stm32f10x_usart.o(.text)
    .text                                    0x08001818   Section        0  system_stm32f10x.o(.text)
    SetSysClockTo72                          0x08001819   Thumb Code   160  system_stm32f10x.o(.text)
    .text                                    0x08001970   Section       36  startup_stm32f10x_hd.o(.text)
    .text                                    0x08001994   Section        0  usart.o(.text)
    .text                                    0x08001a88   Section        0  delay.o(.text)
    .text                                    0x08001ae8   Section        0  pwm.o(.text)
    .text                                    0x08001eb0   Section        0  key.o(.text)
    .text                                    0x08002018   Section        0  encoder.o(.text)
    .text                                    0x080021e8   Section        0  capture.o(.text)
    .text                                    0x08002318   Section        0  oled.o(.text)
    .text                                    0x08002bb8   Section        0  olediic.o(.text)
    .text                                    0x08002c8c   Section        0  mpu6050.o(.text)
    .text                                    0x08002f98   Section        0  inv_mpu.o(.text)
    set_int_enable                           0x08002f99   Thumb Code    84  inv_mpu.o(.text)
    get_st_biases                            0x08003d47   Thumb Code   792  inv_mpu.o(.text)
    accel_self_test                          0x080047ef   Thumb Code   116  inv_mpu.o(.text)
    gyro_self_test                           0x08004863   Thumb Code   188  inv_mpu.o(.text)
    get_accel_prod_shift                     0x0800491f   Thumb Code   160  inv_mpu.o(.text)
    .text                                    0x080049e8   Section        0  inv_mpu_dmp_motion_driver.o(.text)
    .text                                    0x0800544c   Section        0  mpuiic.o(.text)
    .text                                    0x08005664   Section        0  motor.o(.text)
    .text                                    0x080056f8   Section        0  ldiv.o(.text)
    .text                                    0x08005752   Section        0  memseta.o(.text)
    .text                                    0x08005776   Section        0  memcmp.o(.text)
    .text                                    0x08005790   Section        0  fadd.o(.text)
    .text                                    0x08005840   Section        0  fmul.o(.text)
    .text                                    0x080058ac   Section        0  fdiv.o(.text)
    .text                                    0x0800592c   Section        0  fscalb.o(.text)
    .text                                    0x08005944   Section        0  dadd.o(.text)
    .text                                    0x08005a92   Section        0  dmul.o(.text)
    .text                                    0x08005b76   Section        0  ddiv.o(.text)
    .text                                    0x08005c54   Section        0  fflti.o(.text)
    .text                                    0x08005c66   Section        0  ffltui.o(.text)
    .text                                    0x08005c70   Section        0  dflti.o(.text)
    .text                                    0x08005c92   Section        0  ffixi.o(.text)
    .text                                    0x08005cc4   Section        0  ffixui.o(.text)
    .text                                    0x08005cec   Section        0  f2d.o(.text)
    .text                                    0x08005d12   Section        0  d2f.o(.text)
    .text                                    0x08005d4a   Section        0  uldiv.o(.text)
    .text                                    0x08005dac   Section        0  llshl.o(.text)
    .text                                    0x08005dca   Section        0  llsshr.o(.text)
    .text                                    0x08005dee   Section        0  fepilogue.o(.text)
    .text                                    0x08005dee   Section        0  iusefp.o(.text)
    .text                                    0x08005e5a   Section        0  depilogue.o(.text)
    .text                                    0x08005f18   Section        0  dscalb.o(.text)
    .text                                    0x08005f48   Section       36  init.o(.text)
    .text                                    0x08005f6c   Section        0  llushr.o(.text)
    .text                                    0x08005f8c   Section        0  dsqrt.o(.text)
    i.__0printf$8                            0x08006030   Section        0  printf8.o(i.__0printf$8)
    i.__ARM_fpclassify                       0x08006050   Section        0  fpclassify.o(i.__ARM_fpclassify)
    i.__kernel_poly                          0x08006078   Section        0  poly.o(i.__kernel_poly)
    i.__mathlib_dbl_underflow                0x08006124   Section        0  dunder.o(i.__mathlib_dbl_underflow)
    i.__scatterload_copy                     0x08006134   Section       14  handlers.o(i.__scatterload_copy)
    i.__scatterload_null                     0x08006142   Section        2  handlers.o(i.__scatterload_null)
    i.__scatterload_zeroinit                 0x08006144   Section       14  handlers.o(i.__scatterload_zeroinit)
    i.__set_errno                            0x08006154   Section        0  errno.o(i.__set_errno)
    i._printf_core                           0x08006160   Section        0  printf8.o(i._printf_core)
    _printf_core                             0x08006161   Thumb Code   988  printf8.o(i._printf_core)
    i._printf_post_padding                   0x08006568   Section        0  printf8.o(i._printf_post_padding)
    _printf_post_padding                     0x08006569   Thumb Code    38  printf8.o(i._printf_post_padding)
    i._printf_pre_padding                    0x0800658e   Section        0  printf8.o(i._printf_pre_padding)
    _printf_pre_padding                      0x0800658f   Thumb Code    48  printf8.o(i._printf_pre_padding)
    i.asin                                   0x080065c0   Section        0  asin.o(i.asin)
    i.atan                                   0x0800683c   Section        0  atan.o(i.atan)
    i.atan2                                  0x08006a60   Section        0  atan2.o(i.atan2)
    i.sqrt                                   0x08006be0   Section        0  sqrt.o(i.sqrt)
    .constdata                               0x08006c2e   Section     7696  oled.o(.constdata)
    .constdata                               0x08008a3e   Section       27  inv_mpu.o(.constdata)
    .constdata                               0x08008a5a   Section       12  inv_mpu.o(.constdata)
    .constdata                               0x08008a68   Section       40  inv_mpu.o(.constdata)
    .constdata                               0x08008a90   Section       77  inv_mpu.o(.constdata)
    .constdata                               0x08008add   Section     3062  inv_mpu_dmp_motion_driver.o(.constdata)
    dmp_memory                               0x08008add   Data        3062  inv_mpu_dmp_motion_driver.o(.constdata)
    .constdata                               0x080096d8   Section       80  asin.o(.constdata)
    pS                                       0x080096d8   Data          48  asin.o(.constdata)
    qS                                       0x08009708   Data          32  asin.o(.constdata)
    .constdata                               0x08009728   Section      152  atan.o(.constdata)
    atanhi                                   0x08009728   Data          32  atan.o(.constdata)
    atanlo                                   0x08009748   Data          32  atan.o(.constdata)
    aTodd                                    0x08009768   Data          40  atan.o(.constdata)
    aTeven                                   0x08009790   Data          48  atan.o(.constdata)
    .constdata                               0x080097c0   Section        8  qnan.o(.constdata)
    .data                                    0x20000000   Section       24  main.o(.data)
    .data                                    0x20000018   Section       20  stm32f10x_rcc.o(.data)
    ADCPrescTable                            0x20000018   Data           4  stm32f10x_rcc.o(.data)
    APBAHBPrescTable                         0x2000001c   Data          16  stm32f10x_rcc.o(.data)
    .data                                    0x2000002c   Section       20  system_stm32f10x.o(.data)
    .data                                    0x20000040   Section        4  delay.o(.data)
    TimingDelay                              0x20000040   Data           4  delay.o(.data)
    .data                                    0x20000044   Section        1  key.o(.data)
    key_up                                   0x20000044   Data           1  key.o(.data)
    .data                                    0x20000046   Section        4  encoder.o(.data)
    .data                                    0x2000004a   Section        4  capture.o(.data)
    .data                                    0x20000050   Section       53  inv_mpu.o(.data)
    st                                       0x20000050   Data          44  inv_mpu.o(.data)
    gyro_orientation                         0x2000007c   Data           9  inv_mpu.o(.data)
    .data                                    0x20000088   Section        4  stdout.o(.data)
    .data                                    0x2000008c   Section        4  errno.o(.data)
    _errno                                   0x2000008c   Data           4  errno.o(.data)
    .bss                                     0x20000090   Section     1152  oled.o(.bss)
    .bss                                     0x20000510   Section       16  inv_mpu_dmp_motion_driver.o(.bss)
    dmp                                      0x20000510   Data          16  inv_mpu_dmp_motion_driver.o(.bss)
    STACK                                    0x20000520   Section     1024  startup_stm32f10x_hd.o(STACK)

    Global Symbols

    Symbol Name                              Value     Ov Type        Size  Object(Section)

    BuildAttributes$$THM_ISAv4$P$D$K$B$S$PE$A:L22UL41UL21$X:L11$S22US41US21$IEEE1$IW$USESV6$~STKCKD$USESV7$~SHL$OTIME$ROPI$IEEEX$EBA8$MICROLIB$REQ8$PRES8$EABIv2 0x00000000   Number         0  anon$$obj.o ABSOLUTE
    __ARM_use_no_argv                        0x00000000   Number         0  main.o ABSOLUTE
    _printf_a                                0x00000000   Number         0  stubs.o ABSOLUTE
    _printf_c                                0x00000000   Number         0  stubs.o ABSOLUTE
    _printf_charcount                        0x00000000   Number         0  stubs.o ABSOLUTE
    _printf_d                                0x00000000   Number         0  stubs.o ABSOLUTE
    _printf_e                                0x00000000   Number         0  stubs.o ABSOLUTE
    _printf_f                                0x00000000   Number         0  stubs.o ABSOLUTE
    _printf_flags                            0x00000000   Number         0  stubs.o ABSOLUTE
    _printf_fp_dec                           0x00000000   Number         0  stubs.o ABSOLUTE
    _printf_fp_hex                           0x00000000   Number         0  stubs.o ABSOLUTE
    _printf_g                                0x00000000   Number         0  stubs.o ABSOLUTE
    _printf_i                                0x00000000   Number         0  stubs.o ABSOLUTE
    _printf_int_dec                          0x00000000   Number         0  stubs.o ABSOLUTE
    _printf_l                                0x00000000   Number         0  stubs.o ABSOLUTE
    _printf_lc                               0x00000000   Number         0  stubs.o ABSOLUTE
    _printf_ll                               0x00000000   Number         0  stubs.o ABSOLUTE
    _printf_lld                              0x00000000   Number         0  stubs.o ABSOLUTE
    _printf_lli                              0x00000000   Number         0  stubs.o ABSOLUTE
    _printf_llo                              0x00000000   Number         0  stubs.o ABSOLUTE
    _printf_llu                              0x00000000   Number         0  stubs.o ABSOLUTE
    _printf_llx                              0x00000000   Number         0  stubs.o ABSOLUTE
    _printf_longlong_dec                     0x00000000   Number         0  stubs.o ABSOLUTE
    _printf_longlong_hex                     0x00000000   Number         0  stubs.o ABSOLUTE
    _printf_longlong_oct                     0x00000000   Number         0  stubs.o ABSOLUTE
    _printf_ls                               0x00000000   Number         0  stubs.o ABSOLUTE
    _printf_mbtowc                           0x00000000   Number         0  stubs.o ABSOLUTE
    _printf_n                                0x00000000   Number         0  stubs.o ABSOLUTE
    _printf_o                                0x00000000   Number         0  stubs.o ABSOLUTE
    _printf_p                                0x00000000   Number         0  stubs.o ABSOLUTE
    _printf_percent                          0x00000000   Number         0  stubs.o ABSOLUTE
    _printf_pre_padding                      0x00000000   Number         0  stubs.o ABSOLUTE
    _printf_return_value                     0x00000000   Number         0  stubs.o ABSOLUTE
    _printf_s                                0x00000000   Number         0  stubs.o ABSOLUTE
    _printf_sizespec                         0x00000000   Number         0  stubs.o ABSOLUTE
    _printf_str                              0x00000000   Number         0  stubs.o ABSOLUTE
    _printf_truncate_signed                  0x00000000   Number         0  stubs.o ABSOLUTE
    _printf_truncate_unsigned                0x00000000   Number         0  stubs.o ABSOLUTE
    _printf_u                                0x00000000   Number         0  stubs.o ABSOLUTE
    _printf_wc                               0x00000000   Number         0  stubs.o ABSOLUTE
    _printf_wctomb                           0x00000000   Number         0  stubs.o ABSOLUTE
    _printf_widthprec                        0x00000000   Number         0  stubs.o ABSOLUTE
    _printf_x                                0x00000000   Number         0  stubs.o ABSOLUTE
    __cpp_initialize__aeabi_                  - Undefined Weak Reference
    __cxa_finalize                            - Undefined Weak Reference
    __decompress                              - Undefined Weak Reference
    _clock_init                               - Undefined Weak Reference
    _microlib_exit                            - Undefined Weak Reference
    __Vectors_Size                           0x00000130   Number         0  startup_stm32f10x_hd.o ABSOLUTE
    __Vectors                                0x08000000   Data           4  startup_stm32f10x_hd.o(RESET)
    __Vectors_End                            0x08000130   Data           0  startup_stm32f10x_hd.o(RESET)
    __main                                   0x08000131   Thumb Code     0  entry.o(.ARM.Collect$$$$00000000)
    _main_stk                                0x08000131   Thumb Code     0  entry2.o(.ARM.Collect$$$$00000001)
    _main_scatterload                        0x08000135   Thumb Code     0  entry5.o(.ARM.Collect$$$$00000004)
    __main_after_scatterload                 0x08000139   Thumb Code     0  entry5.o(.ARM.Collect$$$$00000004)
    _main_clock                              0x08000139   Thumb Code     0  entry7b.o(.ARM.Collect$$$$00000008)
    _main_cpp_init                           0x08000139   Thumb Code     0  entry8b.o(.ARM.Collect$$$$0000000A)
    _main_init                               0x08000139   Thumb Code     0  entry9a.o(.ARM.Collect$$$$0000000B)
    __rt_final_cpp                           0x08000141   Thumb Code     0  entry10a.o(.ARM.Collect$$$$0000000D)
    __rt_final_exit                          0x08000141   Thumb Code     0  entry11a.o(.ARM.Collect$$$$0000000F)
    Change_Kp                                0x08000145   Thumb Code   228  main.o(.text)
    main                                     0x08000229   Thumb Code   404  main.o(.text)
    fputc                                    0x080003bd   Thumb Code    24  main.o(.text)
    NMI_Handler                              0x08000419   Thumb Code     2  stm32f10x_it.o(.text)
    HardFault_Handler                        0x0800041b   Thumb Code     2  stm32f10x_it.o(.text)
    MemManage_Handler                        0x0800041d   Thumb Code     2  stm32f10x_it.o(.text)
    BusFault_Handler                         0x0800041f   Thumb Code     2  stm32f10x_it.o(.text)
    UsageFault_Handler                       0x08000421   Thumb Code     2  stm32f10x_it.o(.text)
    SVC_Handler                              0x08000423   Thumb Code     2  stm32f10x_it.o(.text)
    DebugMon_Handler                         0x08000425   Thumb Code     2  stm32f10x_it.o(.text)
    PendSV_Handler                           0x08000427   Thumb Code     2  stm32f10x_it.o(.text)
    NVIC_PriorityGroupConfig                 0x08000429   Thumb Code    10  misc.o(.text)
    NVIC_Init                                0x08000433   Thumb Code    90  misc.o(.text)
    NVIC_SetVectorTable                      0x0800048d   Thumb Code    14  misc.o(.text)
    NVIC_SystemLPConfig                      0x0800049b   Thumb Code    20  misc.o(.text)
    SysTick_CLKSourceConfig                  0x080004af   Thumb Code    24  misc.o(.text)
    GPIO_DeInit                              0x080004d9   Thumb Code   152  stm32f10x_gpio.o(.text)
    GPIO_AFIODeInit                          0x08000571   Thumb Code    22  stm32f10x_gpio.o(.text)
    GPIO_Init                                0x08000587   Thumb Code   156  stm32f10x_gpio.o(.text)
    GPIO_StructInit                          0x08000623   Thumb Code    16  stm32f10x_gpio.o(.text)
    GPIO_ReadInputDataBit                    0x08000633   Thumb Code    14  stm32f10x_gpio.o(.text)
    GPIO_ReadInputData                       0x08000641   Thumb Code     6  stm32f10x_gpio.o(.text)
    GPIO_ReadOutputDataBit                   0x08000647   Thumb Code    14  stm32f10x_gpio.o(.text)
    GPIO_ReadOutputData                      0x08000655   Thumb Code     6  stm32f10x_gpio.o(.text)
    GPIO_SetBits                             0x0800065b   Thumb Code     4  stm32f10x_gpio.o(.text)
    GPIO_ResetBits                           0x0800065f   Thumb Code     4  stm32f10x_gpio.o(.text)
    GPIO_WriteBit                            0x08000663   Thumb Code    10  stm32f10x_gpio.o(.text)
    GPIO_Write                               0x0800066d   Thumb Code     4  stm32f10x_gpio.o(.text)
    GPIO_PinLockConfig                       0x08000671   Thumb Code    16  stm32f10x_gpio.o(.text)
    GPIO_EventOutputConfig                   0x08000681   Thumb Code    22  stm32f10x_gpio.o(.text)
    GPIO_EventOutputCmd                      0x08000697   Thumb Code     6  stm32f10x_gpio.o(.text)
    GPIO_PinRemapConfig                      0x0800069d   Thumb Code    82  stm32f10x_gpio.o(.text)
    GPIO_EXTILineConfig                      0x080006ef   Thumb Code    34  stm32f10x_gpio.o(.text)
    GPIO_ETH_MediaInterfaceConfig            0x08000711   Thumb Code     8  stm32f10x_gpio.o(.text)
    RCC_DeInit                               0x0800073d   Thumb Code    50  stm32f10x_rcc.o(.text)
    RCC_HSEConfig                            0x0800076f   Thumb Code    48  stm32f10x_rcc.o(.text)
    RCC_GetFlagStatus                        0x0800079f   Thumb Code    42  stm32f10x_rcc.o(.text)
    RCC_WaitForHSEStartUp                    0x080007c9   Thumb Code    44  stm32f10x_rcc.o(.text)
    RCC_AdjustHSICalibrationValue            0x080007f5   Thumb Code    16  stm32f10x_rcc.o(.text)
    RCC_HSICmd                               0x08000805   Thumb Code     6  stm32f10x_rcc.o(.text)
    RCC_PLLConfig                            0x0800080b   Thumb Code    16  stm32f10x_rcc.o(.text)
    RCC_PLLCmd                               0x0800081b   Thumb Code     6  stm32f10x_rcc.o(.text)
    RCC_SYSCLKConfig                         0x08000821   Thumb Code    14  stm32f10x_rcc.o(.text)
    RCC_GetSYSCLKSource                      0x0800082f   Thumb Code    10  stm32f10x_rcc.o(.text)
    RCC_HCLKConfig                           0x08000839   Thumb Code    14  stm32f10x_rcc.o(.text)
    RCC_PCLK1Config                          0x08000847   Thumb Code    14  stm32f10x_rcc.o(.text)
    RCC_PCLK2Config                          0x08000855   Thumb Code    16  stm32f10x_rcc.o(.text)
    RCC_ITConfig                             0x08000865   Thumb Code    18  stm32f10x_rcc.o(.text)
    RCC_USBCLKConfig                         0x08000877   Thumb Code     8  stm32f10x_rcc.o(.text)
    RCC_ADCCLKConfig                         0x0800087f   Thumb Code    14  stm32f10x_rcc.o(.text)
    RCC_LSEConfig                            0x0800088d   Thumb Code    28  stm32f10x_rcc.o(.text)
    RCC_LSICmd                               0x080008a9   Thumb Code     6  stm32f10x_rcc.o(.text)
    RCC_RTCCLKConfig                         0x080008af   Thumb Code    10  stm32f10x_rcc.o(.text)
    RCC_RTCCLKCmd                            0x080008b9   Thumb Code     8  stm32f10x_rcc.o(.text)
    RCC_GetClocksFreq                        0x080008c1   Thumb Code   130  stm32f10x_rcc.o(.text)
    RCC_AHBPeriphClockCmd                    0x08000943   Thumb Code    18  stm32f10x_rcc.o(.text)
    RCC_APB2PeriphClockCmd                   0x08000955   Thumb Code    18  stm32f10x_rcc.o(.text)
    RCC_APB1PeriphClockCmd                   0x08000967   Thumb Code    18  stm32f10x_rcc.o(.text)
    RCC_APB2PeriphResetCmd                   0x08000979   Thumb Code    18  stm32f10x_rcc.o(.text)
    RCC_APB1PeriphResetCmd                   0x0800098b   Thumb Code    18  stm32f10x_rcc.o(.text)
    RCC_BackupResetCmd                       0x0800099d   Thumb Code     8  stm32f10x_rcc.o(.text)
    RCC_ClockSecuritySystemCmd               0x080009a5   Thumb Code     6  stm32f10x_rcc.o(.text)
    RCC_MCOConfig                            0x080009ab   Thumb Code     6  stm32f10x_rcc.o(.text)
    RCC_ClearFlag                            0x080009b1   Thumb Code    12  stm32f10x_rcc.o(.text)
    RCC_GetITStatus                          0x080009bd   Thumb Code    16  stm32f10x_rcc.o(.text)
    RCC_ClearITPendingBit                    0x080009cd   Thumb Code     6  stm32f10x_rcc.o(.text)
    TIM_DeInit                               0x080009f5   Thumb Code   304  stm32f10x_tim.o(.text)
    TIM_TimeBaseInit                         0x08000b25   Thumb Code   114  stm32f10x_tim.o(.text)
    TIM_OC1Init                              0x08000b97   Thumb Code   106  stm32f10x_tim.o(.text)
    TIM_OC2Init                              0x08000c01   Thumb Code   120  stm32f10x_tim.o(.text)
    TIM_OC3Init                              0x08000c79   Thumb Code   116  stm32f10x_tim.o(.text)
    TIM_OC4Init                              0x08000ced   Thumb Code    90  stm32f10x_tim.o(.text)
    TIM_SetIC4Prescaler                      0x08000d47   Thumb Code    24  stm32f10x_tim.o(.text)
    TIM_SetIC3Prescaler                      0x08000d5f   Thumb Code    16  stm32f10x_tim.o(.text)
    TIM_SetIC2Prescaler                      0x08000d6f   Thumb Code    24  stm32f10x_tim.o(.text)
    TIM_SetIC1Prescaler                      0x08000e2d   Thumb Code    16  stm32f10x_tim.o(.text)
    TIM_ICInit                               0x08000e95   Thumb Code   272  stm32f10x_tim.o(.text)
    TIM_PWMIConfig                           0x08000fa5   Thumb Code   104  stm32f10x_tim.o(.text)
    TIM_BDTRConfig                           0x0800100d   Thumb Code    34  stm32f10x_tim.o(.text)
    TIM_TimeBaseStructInit                   0x0800102f   Thumb Code    18  stm32f10x_tim.o(.text)
    TIM_OCStructInit                         0x08001041   Thumb Code    20  stm32f10x_tim.o(.text)
    TIM_ICStructInit                         0x08001055   Thumb Code    16  stm32f10x_tim.o(.text)
    TIM_BDTRStructInit                       0x08001065   Thumb Code    18  stm32f10x_tim.o(.text)
    TIM_Cmd                                  0x08001077   Thumb Code    20  stm32f10x_tim.o(.text)
    TIM_CtrlPWMOutputs                       0x0800108b   Thumb Code    22  stm32f10x_tim.o(.text)
    TIM_ITConfig                             0x080010a1   Thumb Code    16  stm32f10x_tim.o(.text)
    TIM_GenerateEvent                        0x080010b1   Thumb Code     4  stm32f10x_tim.o(.text)
    TIM_DMAConfig                            0x080010b5   Thumb Code     8  stm32f10x_tim.o(.text)
    TIM_DMACmd                               0x080010bd   Thumb Code    16  stm32f10x_tim.o(.text)
    TIM_InternalClockConfig                  0x080010cd   Thumb Code    10  stm32f10x_tim.o(.text)
    TIM_SelectInputTrigger                   0x080010d7   Thumb Code    12  stm32f10x_tim.o(.text)
    TIM_ITRxExternalClockConfig              0x080010e3   Thumb Code    18  stm32f10x_tim.o(.text)
    TIM_TIxExternalClockConfig               0x080010f5   Thumb Code    46  stm32f10x_tim.o(.text)
    TIM_ETRConfig                            0x08001123   Thumb Code    24  stm32f10x_tim.o(.text)
    TIM_ETRClockMode1Config                  0x0800113b   Thumb Code    18  stm32f10x_tim.o(.text)
    TIM_ETRClockMode2Config                  0x0800114d   Thumb Code    18  stm32f10x_tim.o(.text)
    TIM_PrescalerConfig                      0x0800115f   Thumb Code     6  stm32f10x_tim.o(.text)
    TIM_CounterModeConfig                    0x08001165   Thumb Code    12  stm32f10x_tim.o(.text)
    TIM_EncoderInterfaceConfig               0x08001171   Thumb Code    50  stm32f10x_tim.o(.text)
    TIM_ForcedOC1Config                      0x080011a3   Thumb Code    12  stm32f10x_tim.o(.text)
    TIM_ForcedOC2Config                      0x080011af   Thumb Code    20  stm32f10x_tim.o(.text)
    TIM_ForcedOC3Config                      0x080011c3   Thumb Code    12  stm32f10x_tim.o(.text)
    TIM_ForcedOC4Config                      0x080011cf   Thumb Code    20  stm32f10x_tim.o(.text)
    TIM_ARRPreloadConfig                     0x080011e3   Thumb Code    20  stm32f10x_tim.o(.text)
    TIM_SelectCOM                            0x080011f7   Thumb Code    20  stm32f10x_tim.o(.text)
    TIM_SelectCCDMA                          0x0800120b   Thumb Code    20  stm32f10x_tim.o(.text)
    TIM_CCPreloadControl                     0x0800121f   Thumb Code    20  stm32f10x_tim.o(.text)
    TIM_OC1PreloadConfig                     0x08001233   Thumb Code    34  stm32f10x_tim.o(.text)
    TIM_OC2PreloadConfig                     0x08001255   Thumb Code    20  stm32f10x_tim.o(.text)
    TIM_OC3PreloadConfig                     0x08001269   Thumb Code    12  stm32f10x_tim.o(.text)
    TIM_OC4PreloadConfig                     0x08001275   Thumb Code    20  stm32f10x_tim.o(.text)
    TIM_OC1FastConfig                        0x08001289   Thumb Code    12  stm32f10x_tim.o(.text)
    TIM_OC2FastConfig                        0x08001295   Thumb Code    20  stm32f10x_tim.o(.text)
    TIM_OC3FastConfig                        0x080012a9   Thumb Code    12  stm32f10x_tim.o(.text)
    TIM_OC4FastConfig                        0x080012b5   Thumb Code    20  stm32f10x_tim.o(.text)
    TIM_ClearOC1Ref                          0x080012c9   Thumb Code    12  stm32f10x_tim.o(.text)
    TIM_ClearOC2Ref                          0x080012d5   Thumb Code    20  stm32f10x_tim.o(.text)
    TIM_ClearOC3Ref                          0x080012e9   Thumb Code    12  stm32f10x_tim.o(.text)
    TIM_ClearOC4Ref                          0x080012f5   Thumb Code    20  stm32f10x_tim.o(.text)
    TIM_OC1PolarityConfig                    0x08001309   Thumb Code    12  stm32f10x_tim.o(.text)
    TIM_OC1NPolarityConfig                   0x08001315   Thumb Code    12  stm32f10x_tim.o(.text)
    TIM_OC2PolarityConfig                    0x08001321   Thumb Code    20  stm32f10x_tim.o(.text)
    TIM_OC2NPolarityConfig                   0x08001335   Thumb Code    20  stm32f10x_tim.o(.text)
    TIM_OC3PolarityConfig                    0x08001349   Thumb Code    20  stm32f10x_tim.o(.text)
    TIM_OC3NPolarityConfig                   0x0800135d   Thumb Code    20  stm32f10x_tim.o(.text)
    TIM_OC4PolarityConfig                    0x08001371   Thumb Code    20  stm32f10x_tim.o(.text)
    TIM_CCxCmd                               0x08001385   Thumb Code    22  stm32f10x_tim.o(.text)
    TIM_CCxNCmd                              0x0800139b   Thumb Code    22  stm32f10x_tim.o(.text)
    TIM_SelectOCxM                           0x080013b1   Thumb Code    70  stm32f10x_tim.o(.text)
    TIM_UpdateDisableConfig                  0x080013f7   Thumb Code    20  stm32f10x_tim.o(.text)
    TIM_UpdateRequestConfig                  0x0800140b   Thumb Code    20  stm32f10x_tim.o(.text)
    TIM_SelectHallSensor                     0x0800141f   Thumb Code    20  stm32f10x_tim.o(.text)
    TIM_SelectOnePulseMode                   0x08001433   Thumb Code    16  stm32f10x_tim.o(.text)
    TIM_SelectOutputTrigger                  0x08001443   Thumb Code    16  stm32f10x_tim.o(.text)
    TIM_SelectSlaveMode                      0x08001453   Thumb Code    16  stm32f10x_tim.o(.text)
    TIM_SelectMasterSlaveMode                0x08001463   Thumb Code    16  stm32f10x_tim.o(.text)
    TIM_SetCounter                           0x08001473   Thumb Code     4  stm32f10x_tim.o(.text)
    TIM_SetAutoreload                        0x08001477   Thumb Code     4  stm32f10x_tim.o(.text)
    TIM_SetCompare1                          0x0800147b   Thumb Code     4  stm32f10x_tim.o(.text)
    TIM_SetCompare2                          0x0800147f   Thumb Code     4  stm32f10x_tim.o(.text)
    TIM_SetCompare3                          0x08001483   Thumb Code     4  stm32f10x_tim.o(.text)
    TIM_SetCompare4                          0x08001487   Thumb Code     6  stm32f10x_tim.o(.text)
    TIM_SetClockDivision                     0x0800148d   Thumb Code    16  stm32f10x_tim.o(.text)
    TIM_GetCapture1                          0x0800149d   Thumb Code     4  stm32f10x_tim.o(.text)
    TIM_GetCapture2                          0x080014a1   Thumb Code     4  stm32f10x_tim.o(.text)
    TIM_GetCapture3                          0x080014a5   Thumb Code     4  stm32f10x_tim.o(.text)
    TIM_GetCapture4                          0x080014a9   Thumb Code     6  stm32f10x_tim.o(.text)
    TIM_GetCounter                           0x080014af   Thumb Code     4  stm32f10x_tim.o(.text)
    TIM_GetPrescaler                         0x080014b3   Thumb Code     4  stm32f10x_tim.o(.text)
    TIM_GetFlagStatus                        0x080014b7   Thumb Code    14  stm32f10x_tim.o(.text)
    TIM_ClearFlag                            0x080014c5   Thumb Code     6  stm32f10x_tim.o(.text)
    TIM_GetITStatus                          0x080014cb   Thumb Code    24  stm32f10x_tim.o(.text)
    TIM_ClearITPendingBit                    0x080014e3   Thumb Code     6  stm32f10x_tim.o(.text)
    USART_DeInit                             0x080014e9   Thumb Code    96  stm32f10x_usart.o(.text)
    USART_Init                               0x08001549   Thumb Code   176  stm32f10x_usart.o(.text)
    USART_StructInit                         0x080015f9   Thumb Code    22  stm32f10x_usart.o(.text)
    USART_ClockInit                          0x0800160f   Thumb Code    30  stm32f10x_usart.o(.text)
    USART_ClockStructInit                    0x0800162d   Thumb Code    12  stm32f10x_usart.o(.text)
    USART_Cmd                                0x08001639   Thumb Code    20  stm32f10x_usart.o(.text)
    USART_ITConfig                           0x0800164d   Thumb Code    48  stm32f10x_usart.o(.text)
    USART_DMACmd                             0x0800167d   Thumb Code    16  stm32f10x_usart.o(.text)
    USART_SetAddress                         0x0800168d   Thumb Code    16  stm32f10x_usart.o(.text)
    USART_WakeUpConfig                       0x0800169d   Thumb Code    16  stm32f10x_usart.o(.text)
    USART_ReceiverWakeUpCmd                  0x080016ad   Thumb Code    20  stm32f10x_usart.o(.text)
    USART_LINBreakDetectLengthConfig         0x080016c1   Thumb Code    16  stm32f10x_usart.o(.text)
    USART_LINCmd                             0x080016d1   Thumb Code    20  stm32f10x_usart.o(.text)
    USART_SendData                           0x080016e5   Thumb Code     8  stm32f10x_usart.o(.text)
    USART_ReceiveData                        0x080016ed   Thumb Code     8  stm32f10x_usart.o(.text)
    USART_SendBreak                          0x080016f5   Thumb Code    10  stm32f10x_usart.o(.text)
    USART_SetGuardTime                       0x080016ff   Thumb Code    16  stm32f10x_usart.o(.text)
    USART_SetPrescaler                       0x0800170f   Thumb Code    16  stm32f10x_usart.o(.text)
    USART_SmartCardCmd                       0x0800171f   Thumb Code    20  stm32f10x_usart.o(.text)
    USART_SmartCardNACKCmd                   0x08001733   Thumb Code    20  stm32f10x_usart.o(.text)
    USART_HalfDuplexCmd                      0x08001747   Thumb Code    20  stm32f10x_usart.o(.text)
    USART_OverSampling8Cmd                   0x0800175b   Thumb Code    20  stm32f10x_usart.o(.text)
    USART_OneBitMethodCmd                    0x0800176f   Thumb Code    20  stm32f10x_usart.o(.text)
    USART_IrDAConfig                         0x08001783   Thumb Code    16  stm32f10x_usart.o(.text)
    USART_IrDACmd                            0x08001793   Thumb Code    20  stm32f10x_usart.o(.text)
    USART_GetFlagStatus                      0x080017a7   Thumb Code    14  stm32f10x_usart.o(.text)
    USART_ClearFlag                          0x080017b5   Thumb Code     6  stm32f10x_usart.o(.text)
    USART_GetITStatus                        0x080017bb   Thumb Code    62  stm32f10x_usart.o(.text)
    USART_ClearITPendingBit                  0x080017f9   Thumb Code    12  stm32f10x_usart.o(.text)
    SystemInit                               0x080018b9   Thumb Code    64  system_stm32f10x.o(.text)
    SystemCoreClockUpdate                    0x080018f9   Thumb Code    86  system_stm32f10x.o(.text)
    Reset_Handler                            0x08001971   Thumb Code     8  startup_stm32f10x_hd.o(.text)
    ADC1_2_IRQHandler                        0x0800198b   Thumb Code     0  startup_stm32f10x_hd.o(.text)
    ADC3_IRQHandler                          0x0800198b   Thumb Code     0  startup_stm32f10x_hd.o(.text)
    CAN1_RX1_IRQHandler                      0x0800198b   Thumb Code     0  startup_stm32f10x_hd.o(.text)
    CAN1_SCE_IRQHandler                      0x0800198b   Thumb Code     0  startup_stm32f10x_hd.o(.text)
    DMA1_Channel1_IRQHandler                 0x0800198b   Thumb Code     0  startup_stm32f10x_hd.o(.text)
    DMA1_Channel2_IRQHandler                 0x0800198b   Thumb Code     0  startup_stm32f10x_hd.o(.text)
    DMA1_Channel3_IRQHandler                 0x0800198b   Thumb Code     0  startup_stm32f10x_hd.o(.text)
    DMA1_Channel4_IRQHandler                 0x0800198b   Thumb Code     0  startup_stm32f10x_hd.o(.text)
    DMA1_Channel5_IRQHandler                 0x0800198b   Thumb Code     0  startup_stm32f10x_hd.o(.text)
    DMA1_Channel6_IRQHandler                 0x0800198b   Thumb Code     0  startup_stm32f10x_hd.o(.text)
    DMA1_Channel7_IRQHandler                 0x0800198b   Thumb Code     0  startup_stm32f10x_hd.o(.text)
    DMA2_Channel1_IRQHandler                 0x0800198b   Thumb Code     0  startup_stm32f10x_hd.o(.text)
    DMA2_Channel2_IRQHandler                 0x0800198b   Thumb Code     0  startup_stm32f10x_hd.o(.text)
    DMA2_Channel3_IRQHandler                 0x0800198b   Thumb Code     0  startup_stm32f10x_hd.o(.text)
    DMA2_Channel4_5_IRQHandler               0x0800198b   Thumb Code     0  startup_stm32f10x_hd.o(.text)
    EXTI0_IRQHandler                         0x0800198b   Thumb Code     0  startup_stm32f10x_hd.o(.text)
    EXTI15_10_IRQHandler                     0x0800198b   Thumb Code     0  startup_stm32f10x_hd.o(.text)
    EXTI1_IRQHandler                         0x0800198b   Thumb Code     0  startup_stm32f10x_hd.o(.text)
    EXTI2_IRQHandler                         0x0800198b   Thumb Code     0  startup_stm32f10x_hd.o(.text)
    EXTI3_IRQHandler                         0x0800198b   Thumb Code     0  startup_stm32f10x_hd.o(.text)
    EXTI4_IRQHandler                         0x0800198b   Thumb Code     0  startup_stm32f10x_hd.o(.text)
    EXTI9_5_IRQHandler                       0x0800198b   Thumb Code     0  startup_stm32f10x_hd.o(.text)
    FLASH_IRQHandler                         0x0800198b   Thumb Code     0  startup_stm32f10x_hd.o(.text)
    FSMC_IRQHandler                          0x0800198b   Thumb Code     0  startup_stm32f10x_hd.o(.text)
    I2C1_ER_IRQHandler                       0x0800198b   Thumb Code     0  startup_stm32f10x_hd.o(.text)
    I2C1_EV_IRQHandler                       0x0800198b   Thumb Code     0  startup_stm32f10x_hd.o(.text)
    I2C2_ER_IRQHandler                       0x0800198b   Thumb Code     0  startup_stm32f10x_hd.o(.text)
    I2C2_EV_IRQHandler                       0x0800198b   Thumb Code     0  startup_stm32f10x_hd.o(.text)
    PVD_IRQHandler                           0x0800198b   Thumb Code     0  startup_stm32f10x_hd.o(.text)
    RCC_IRQHandler                           0x0800198b   Thumb Code     0  startup_stm32f10x_hd.o(.text)
    RTCAlarm_IRQHandler                      0x0800198b   Thumb Code     0  startup_stm32f10x_hd.o(.text)
    RTC_IRQHandler                           0x0800198b   Thumb Code     0  startup_stm32f10x_hd.o(.text)
    SDIO_IRQHandler                          0x0800198b   Thumb Code     0  startup_stm32f10x_hd.o(.text)
    SPI1_IRQHandler                          0x0800198b   Thumb Code     0  startup_stm32f10x_hd.o(.text)
    SPI2_IRQHandler                          0x0800198b   Thumb Code     0  startup_stm32f10x_hd.o(.text)
    SPI3_IRQHandler                          0x0800198b   Thumb Code     0  startup_stm32f10x_hd.o(.text)
    TAMPER_IRQHandler                        0x0800198b   Thumb Code     0  startup_stm32f10x_hd.o(.text)
    TIM1_BRK_IRQHandler                      0x0800198b   Thumb Code     0  startup_stm32f10x_hd.o(.text)
    TIM1_CC_IRQHandler                       0x0800198b   Thumb Code     0  startup_stm32f10x_hd.o(.text)
    TIM1_TRG_COM_IRQHandler                  0x0800198b   Thumb Code     0  startup_stm32f10x_hd.o(.text)
    TIM1_UP_IRQHandler                       0x0800198b   Thumb Code     0  startup_stm32f10x_hd.o(.text)
    TIM2_IRQHandler                          0x0800198b   Thumb Code     0  startup_stm32f10x_hd.o(.text)
    TIM3_IRQHandler                          0x0800198b   Thumb Code     0  startup_stm32f10x_hd.o(.text)
    TIM4_IRQHandler                          0x0800198b   Thumb Code     0  startup_stm32f10x_hd.o(.text)
    TIM6_IRQHandler                          0x0800198b   Thumb Code     0  startup_stm32f10x_hd.o(.text)
    TIM7_IRQHandler                          0x0800198b   Thumb Code     0  startup_stm32f10x_hd.o(.text)
    TIM8_BRK_IRQHandler                      0x0800198b   Thumb Code     0  startup_stm32f10x_hd.o(.text)
    TIM8_CC_IRQHandler                       0x0800198b   Thumb Code     0  startup_stm32f10x_hd.o(.text)
    TIM8_TRG_COM_IRQHandler                  0x0800198b   Thumb Code     0  startup_stm32f10x_hd.o(.text)
    TIM8_UP_IRQHandler                       0x0800198b   Thumb Code     0  startup_stm32f10x_hd.o(.text)
    UART4_IRQHandler                         0x0800198b   Thumb Code     0  startup_stm32f10x_hd.o(.text)
    UART5_IRQHandler                         0x0800198b   Thumb Code     0  startup_stm32f10x_hd.o(.text)
    USART2_IRQHandler                        0x0800198b   Thumb Code     0  startup_stm32f10x_hd.o(.text)
    USART3_IRQHandler                        0x0800198b   Thumb Code     0  startup_stm32f10x_hd.o(.text)
    USBWakeUp_IRQHandler                     0x0800198b   Thumb Code     0  startup_stm32f10x_hd.o(.text)
    USB_HP_CAN1_TX_IRQHandler                0x0800198b   Thumb Code     0  startup_stm32f10x_hd.o(.text)
    USB_LP_CAN1_RX0_IRQHandler               0x0800198b   Thumb Code     0  startup_stm32f10x_hd.o(.text)
    WWDG_IRQHandler                          0x0800198b   Thumb Code     0  startup_stm32f10x_hd.o(.text)
    usart_Init                               0x08001995   Thumb Code   170  usart.o(.text)
    USART1_IRQHandler                        0x08001a3f   Thumb Code    60  usart.o(.text)
    delay_Init                               0x08001a89   Thumb Code    46  delay.o(.text)
    Delay_us                                 0x08001ab7   Thumb Code    16  delay.o(.text)
    TimingDelay_Decrement                    0x08001ac7   Thumb Code    16  delay.o(.text)
    SysTick_Handler                          0x08001ad7   Thumb Code     2  delay.o(.text)
    My_PWM_Init                              0x08001ae9   Thumb Code   132  pwm.o(.text)
    TIM2_PWM_Init                            0x08001b6d   Thumb Code   136  pwm.o(.text)
    TIM4_PWM_Init                            0x08001bf5   Thumb Code   178  pwm.o(.text)
    TIM3_PWM_Init                            0x08001ca7   Thumb Code   168  pwm.o(.text)
    TIM1_PWM_Init                            0x08001d4f   Thumb Code   170  pwm.o(.text)
    Prun                                     0x08001df9   Thumb Code    40  pwm.o(.text)
    Nrun                                     0x08001e21   Thumb Code    40  pwm.o(.text)
    Tleft                                    0x08001e49   Thumb Code    40  pwm.o(.text)
    Trighet                                  0x08001e71   Thumb Code    40  pwm.o(.text)
    KEY_Init                                 0x08001eb1   Thumb Code    70  key.o(.text)
    The_Key_Init                             0x08001ef7   Thumb Code    40  key.o(.text)
    KEY_Scan                                 0x08001f1f   Thumb Code   236  key.o(.text)
    Encoder_Init_TIM2                        0x08002019   Thumb Code   118  encoder.o(.text)
    Read_Encoder_TIM2                        0x0800208f   Thumb Code    24  encoder.o(.text)
    Encoder_Init_TIM4                        0x080020a7   Thumb Code   114  encoder.o(.text)
    Read_Encoder_TIM4                        0x08002119   Thumb Code    24  encoder.o(.text)
    ENCODER_Init                             0x08002131   Thumb Code    50  encoder.o(.text)
    ENCODER_READ                             0x08002163   Thumb Code   116  encoder.o(.text)
    TIM5_Cap_Init                            0x080021e9   Thumb Code   154  capture.o(.text)
    TIM5_IRQHandler                          0x08002283   Thumb Code   136  capture.o(.text)
    OLED_WR_Byte                             0x08002319   Thumb Code    54  oled.o(.text)
    OLED_Refresh                             0x0800234f   Thumb Code    98  oled.o(.text)
    OLED_Clear                               0x080023b1   Thumb Code    38  oled.o(.text)
    OLED_Init                                0x080023d7   Thumb Code   260  oled.o(.text)
    OLED_ColorTurn                           0x080024db   Thumb Code    20  oled.o(.text)
    OLED_DisplayTurn                         0x080024ef   Thumb Code    42  oled.o(.text)
    OLED_DisPlay_On                          0x08002519   Thumb Code    28  oled.o(.text)
    OLED_DisPlay_Off                         0x08002535   Thumb Code    28  oled.o(.text)
    OLED_DrawPoint                           0x08002551   Thumb Code    40  oled.o(.text)
    OLED_DrawLine                            0x08002579   Thumb Code   154  oled.o(.text)
    OLED_DrawCircle                          0x08002613   Thumb Code   200  oled.o(.text)
    OLED_ShowChar                            0x080026db   Thumb Code   220  oled.o(.text)
    OLED_ShowString                          0x080027b7   Thumb Code    60  oled.o(.text)
    OLED_Pow                                 0x080027f3   Thumb Code    20  oled.o(.text)
    OLED_ShowNum                             0x08002807   Thumb Code   108  oled.o(.text)
    OLED_ShowChinese                         0x08002873   Thumb Code   188  oled.o(.text)
    OLED_ScrollDisplay                       0x0800292f   Thumb Code   146  oled.o(.text)
    OLED_ShowPicture                         0x080029c1   Thumb Code   150  oled.o(.text)
    My_abs                                   0x08002a57   Thumb Code    12  oled.o(.text)
    OLED_ShowFloat                           0x08002a63   Thumb Code   340  oled.o(.text)
    IIC_delay                                0x08002bb9   Thumb Code    14  olediic.o(.text)
    I2C_Start                                0x08002bc7   Thumb Code    50  olediic.o(.text)
    I2C_Stop                                 0x08002bf9   Thumb Code    36  olediic.o(.text)
    I2C_WaitAck                              0x08002c1d   Thumb Code    42  olediic.o(.text)
    Send_Byte                                0x08002c47   Thumb Code    66  olediic.o(.text)
    MPU_Write_Byte                           0x08002c8d   Thumb Code    60  mpu6050.o(.text)
    MPU_Set_LPF                              0x08002cc9   Thumb Code    46  mpu6050.o(.text)
    MPU_Set_Rate                             0x08002cf7   Thumb Code    44  mpu6050.o(.text)
    MPU_Read_Byte                            0x08002d23   Thumb Code    58  mpu6050.o(.text)
    MPU_Set_Accel_Fsr                        0x08002d5d   Thumb Code     8  mpu6050.o(.text)
    MPU_Set_Gyro_Fsr                         0x08002d65   Thumb Code     8  mpu6050.o(.text)
    MPU_Init                                 0x08002d6d   Thumb Code   176  mpu6050.o(.text)
    MPU_Read_Len                             0x08002e1d   Thumb Code   108  mpu6050.o(.text)
    MPU_Get_Temperature                      0x08002e89   Thumb Code    60  mpu6050.o(.text)
    MPU_Get_Gyroscope                        0x08002ec5   Thumb Code    50  mpu6050.o(.text)
    MPU_Get_Accelerometer                    0x08002ef7   Thumb Code    50  mpu6050.o(.text)
    MPU_Write_Len                            0x08002f29   Thumb Code    80  mpu6050.o(.text)
    mpu_reg_dump                             0x08002fed   Thumb Code    70  inv_mpu.o(.text)
    mpu_read_reg                             0x08003033   Thumb Code    52  inv_mpu.o(.text)
    mpu_set_int_latched                      0x08003067   Thumb Code    94  inv_mpu.o(.text)
    mpu_set_sensors                          0x080030c5   Thumb Code   180  inv_mpu.o(.text)
    mpu_set_bypass                           0x08003179   Thumb Code   218  inv_mpu.o(.text)
    mpu_reset_fifo                           0x08003253   Thumb Code   368  inv_mpu.o(.text)
    mpu_configure_fifo                       0x080033c3   Thumb Code    80  inv_mpu.o(.text)
    mpu_set_lpf                              0x08003413   Thumb Code   104  inv_mpu.o(.text)
    mpu_lp_accel_mode                        0x0800347b   Thumb Code   180  inv_mpu.o(.text)
    mpu_set_sample_rate                      0x0800352f   Thumb Code   126  inv_mpu.o(.text)
    mpu_set_accel_fsr                        0x080035ad   Thumb Code   100  inv_mpu.o(.text)
    mpu_set_gyro_fsr                         0x08003611   Thumb Code   106  inv_mpu.o(.text)
    mpu_init                                 0x0800367b   Thumb Code   400  inv_mpu.o(.text)
    mget_ms                                  0x0800380b   Thumb Code     2  inv_mpu.o(.text)
    mpu_get_gyro_reg                         0x0800380d   Thumb Code    68  inv_mpu.o(.text)
    mpu_get_accel_reg                        0x08003851   Thumb Code    66  inv_mpu.o(.text)
    mpu_get_temperature                      0x08003893   Thumb Code   104  inv_mpu.o(.text)
    mpu_set_accel_bias                       0x080038fb   Thumb Code   214  inv_mpu.o(.text)
    mpu_get_gyro_fsr                         0x080039d1   Thumb Code    48  inv_mpu.o(.text)
    mpu_get_accel_fsr                        0x08003a01   Thumb Code    54  inv_mpu.o(.text)
    mpu_get_lpf                              0x08003a37   Thumb Code    52  inv_mpu.o(.text)
    mpu_get_sample_rate                      0x08003a6b   Thumb Code    22  inv_mpu.o(.text)
    mpu_get_compass_sample_rate              0x08003a81   Thumb Code     8  inv_mpu.o(.text)
    mpu_set_compass_sample_rate              0x08003a89   Thumb Code     6  inv_mpu.o(.text)
    mpu_get_gyro_sens                        0x08003a8f   Thumb Code    44  inv_mpu.o(.text)
    mpu_get_accel_sens                       0x08003abb   Thumb Code    62  inv_mpu.o(.text)
    mpu_get_fifo_config                      0x08003af9   Thumb Code    10  inv_mpu.o(.text)
    mpu_get_power_state                      0x08003b03   Thumb Code    14  inv_mpu.o(.text)
    mpu_get_int_status                       0x08003b11   Thumb Code    48  inv_mpu.o(.text)
    mpu_read_fifo                            0x08003b41   Thumb Code   370  inv_mpu.o(.text)
    mpu_read_fifo_stream                     0x08003cb3   Thumb Code   138  inv_mpu.o(.text)
    mpu_set_int_level                        0x08003d3d   Thumb Code    10  inv_mpu.o(.text)
    mpu_set_dmp_state                        0x0800405f   Thumb Code   124  inv_mpu.o(.text)
    mpu_run_self_test                        0x080040db   Thumb Code   234  inv_mpu.o(.text)
    mpu_write_mem                            0x080041c5   Thumb Code    80  inv_mpu.o(.text)
    mpu_read_mem                             0x08004215   Thumb Code    80  inv_mpu.o(.text)
    mpu_load_firmware                        0x08004265   Thumb Code   154  inv_mpu.o(.text)
    mpu_get_dmp_state                        0x080042ff   Thumb Code    12  inv_mpu.o(.text)
    setup_compass                            0x0800430b   Thumb Code     6  inv_mpu.o(.text)
    mpu_get_compass_reg                      0x08004311   Thumb Code     6  inv_mpu.o(.text)
    mpu_get_compass_fsr                      0x08004317   Thumb Code     6  inv_mpu.o(.text)
    mpu_lp_motion_interrupt                  0x0800431d   Thumb Code   436  inv_mpu.o(.text)
    run_self_test                            0x080044d1   Thumb Code   128  inv_mpu.o(.text)
    inv_row_2_scale                          0x08004551   Thumb Code    72  inv_mpu.o(.text)
    inv_orientation_matrix_to_scalar         0x08004599   Thumb Code    34  inv_mpu.o(.text)
    mpu_dmp_init                             0x080045bb   Thumb Code   158  inv_mpu.o(.text)
    mpu_dmp_get_data                         0x08004659   Thumb Code   406  inv_mpu.o(.text)
    dmp_load_motion_driver_firmware          0x080049e9   Thumb Code    16  inv_mpu_dmp_motion_driver.o(.text)
    dmp_set_orientation                      0x080049f9   Thumb Code   246  inv_mpu_dmp_motion_driver.o(.text)
    dmp_set_gyro_bias                        0x08004aef   Thumb Code   200  inv_mpu_dmp_motion_driver.o(.text)
    dmp_set_accel_bias                       0x08004bb7   Thumb Code   214  inv_mpu_dmp_motion_driver.o(.text)
    dmp_set_fifo_rate                        0x08004c8d   Thumb Code    82  inv_mpu_dmp_motion_driver.o(.text)
    dmp_get_fifo_rate                        0x08004cdf   Thumb Code    10  inv_mpu_dmp_motion_driver.o(.text)
    dmp_set_tap_thresh                       0x08004ce9   Thumb Code   340  inv_mpu_dmp_motion_driver.o(.text)
    dmp_set_tap_axes                         0x08004e3d   Thumb Code    64  inv_mpu_dmp_motion_driver.o(.text)
    dmp_set_tap_count                        0x08004e7d   Thumb Code    34  inv_mpu_dmp_motion_driver.o(.text)
    dmp_set_tap_time                         0x08004e9f   Thumb Code    32  inv_mpu_dmp_motion_driver.o(.text)
    dmp_set_tap_time_multi                   0x08004ebf   Thumb Code    32  inv_mpu_dmp_motion_driver.o(.text)
    dmp_set_shake_reject_thresh              0x08004edf   Thumb Code    48  inv_mpu_dmp_motion_driver.o(.text)
    dmp_set_shake_reject_time                0x08004f0f   Thumb Code    32  inv_mpu_dmp_motion_driver.o(.text)
    dmp_set_shake_reject_timeout             0x08004f2f   Thumb Code    32  inv_mpu_dmp_motion_driver.o(.text)
    dmp_get_pedometer_step_count             0x08004f4f   Thumb Code    48  inv_mpu_dmp_motion_driver.o(.text)
    dmp_set_pedometer_step_count             0x08004f7f   Thumb Code    38  inv_mpu_dmp_motion_driver.o(.text)
    dmp_get_pedometer_walk_time              0x08004fa5   Thumb Code    54  inv_mpu_dmp_motion_driver.o(.text)
    dmp_set_pedometer_walk_time              0x08004fdb   Thumb Code    44  inv_mpu_dmp_motion_driver.o(.text)
    dmp_enable_6x_lp_quat                    0x08005007   Thumb Code    58  inv_mpu_dmp_motion_driver.o(.text)
    dmp_enable_lp_quat                       0x08005041   Thumb Code    58  inv_mpu_dmp_motion_driver.o(.text)
    dmp_enable_gyro_cal                      0x0800507b   Thumb Code    44  inv_mpu_dmp_motion_driver.o(.text)
    dmp_enable_feature                       0x080050a7   Thumb Code   464  inv_mpu_dmp_motion_driver.o(.text)
    dmp_get_enabled_features                 0x08005277   Thumb Code    10  inv_mpu_dmp_motion_driver.o(.text)
    dmp_set_interrupt_mode                   0x08005281   Thumb Code    68  inv_mpu_dmp_motion_driver.o(.text)
    dmp_read_fifo                            0x080052c5   Thumb Code   320  inv_mpu_dmp_motion_driver.o(.text)
    dmp_register_tap_cb                      0x08005405   Thumb Code     8  inv_mpu_dmp_motion_driver.o(.text)
    dmp_register_android_orient_cb           0x0800540d   Thumb Code     8  inv_mpu_dmp_motion_driver.o(.text)
    MPU_IIC_Delay                            0x0800544d   Thumb Code     6  mpuiic.o(.text)
    MPU_IIC_Init                             0x08005453   Thumb Code    50  mpuiic.o(.text)
    MPU_IIC_Start                            0x08005485   Thumb Code    50  mpuiic.o(.text)
    MPU_IIC_Stop                             0x080054b7   Thumb Code    52  mpuiic.o(.text)
    MPU_IIC_Wait_Ack                         0x080054eb   Thumb Code    80  mpuiic.o(.text)
    MPU_IIC_Ack                              0x0800553b   Thumb Code    50  mpuiic.o(.text)
    MPU_IIC_NAck                             0x0800556d   Thumb Code    50  mpuiic.o(.text)
    MPU_IIC_Send_Byte                        0x0800559f   Thumb Code    82  mpuiic.o(.text)
    MPU_IIC_Read_Byte                        0x080055f1   Thumb Code   104  mpuiic.o(.text)
    MotorCtrl                                0x08005665   Thumb Code   130  motor.o(.text)
    __aeabi_ldivmod                          0x080056f9   Thumb Code    90  ldiv.o(.text)
    __aeabi_memset                           0x08005753   Thumb Code    14  memseta.o(.text)
    __aeabi_memset4                          0x08005753   Thumb Code     0  memseta.o(.text)
    __aeabi_memset8                          0x08005753   Thumb Code     0  memseta.o(.text)
    __aeabi_memclr                           0x08005761   Thumb Code     4  memseta.o(.text)
    __aeabi_memclr4                          0x08005761   Thumb Code     0  memseta.o(.text)
    __aeabi_memclr8                          0x08005761   Thumb Code     0  memseta.o(.text)
    _memset$wrapper                          0x08005765   Thumb Code    18  memseta.o(.text)
    memcmp                                   0x08005777   Thumb Code    26  memcmp.o(.text)
    __aeabi_fadd                             0x08005791   Thumb Code   164  fadd.o(.text)
    __aeabi_fsub                             0x08005835   Thumb Code     6  fadd.o(.text)
    __aeabi_frsub                            0x0800583b   Thumb Code     6  fadd.o(.text)
    __aeabi_fmul                             0x08005841   Thumb Code   108  fmul.o(.text)
    __aeabi_fdiv                             0x080058ad   Thumb Code   128  fdiv.o(.text)
    __ARM_scalbnf                            0x0800592d   Thumb Code    24  fscalb.o(.text)
    scalbnf                                  0x0800592d   Thumb Code     0  fscalb.o(.text)
    __aeabi_dadd                             0x08005945   Thumb Code   322  dadd.o(.text)
    __aeabi_dsub                             0x08005a87   Thumb Code     6  dadd.o(.text)
    __aeabi_drsub                            0x08005a8d   Thumb Code     6  dadd.o(.text)
    __aeabi_dmul                             0x08005a93   Thumb Code   228  dmul.o(.text)
    __aeabi_ddiv                             0x08005b77   Thumb Code   222  ddiv.o(.text)
    __aeabi_i2f                              0x08005c55   Thumb Code    18  fflti.o(.text)
    __aeabi_ui2f                             0x08005c67   Thumb Code    10  ffltui.o(.text)
    __aeabi_i2d                              0x08005c71   Thumb Code    34  dflti.o(.text)
    __aeabi_f2iz                             0x08005c93   Thumb Code    50  ffixi.o(.text)
    __aeabi_f2uiz                            0x08005cc5   Thumb Code    40  ffixui.o(.text)
    __aeabi_f2d                              0x08005ced   Thumb Code    38  f2d.o(.text)
    __aeabi_d2f                              0x08005d13   Thumb Code    56  d2f.o(.text)
    __aeabi_uldivmod                         0x08005d4b   Thumb Code    98  uldiv.o(.text)
    __aeabi_llsl                             0x08005dad   Thumb Code    30  llshl.o(.text)
    _ll_shift_l                              0x08005dad   Thumb Code     0  llshl.o(.text)
    __aeabi_lasr                             0x08005dcb   Thumb Code    36  llsshr.o(.text)
    _ll_sshift_r                             0x08005dcb   Thumb Code     0  llsshr.o(.text)
    __I$use$fp                               0x08005def   Thumb Code     0  iusefp.o(.text)
    _float_round                             0x08005def   Thumb Code    18  fepilogue.o(.text)
    _float_epilogue                          0x08005e01   Thumb Code    90  fepilogue.o(.text)
    _double_round                            0x08005e5b   Thumb Code    26  depilogue.o(.text)
    _double_epilogue                         0x08005e75   Thumb Code   164  depilogue.o(.text)
    __ARM_scalbn                             0x08005f19   Thumb Code    46  dscalb.o(.text)
    scalbn                                   0x08005f19   Thumb Code     0  dscalb.o(.text)
    __scatterload                            0x08005f49   Thumb Code    28  init.o(.text)
    __scatterload_rt2                        0x08005f49   Thumb Code     0  init.o(.text)
    __aeabi_llsr                             0x08005f6d   Thumb Code    32  llushr.o(.text)
    _ll_ushift_r                             0x08005f6d   Thumb Code     0  llushr.o(.text)
    _dsqrt                                   0x08005f8d   Thumb Code   162  dsqrt.o(.text)
    __0printf$8                              0x08006031   Thumb Code    22  printf8.o(i.__0printf$8)
    __1printf$8                              0x08006031   Thumb Code     0  printf8.o(i.__0printf$8)
    __2printf                                0x08006031   Thumb Code     0  printf8.o(i.__0printf$8)
    __ARM_fpclassify                         0x08006051   Thumb Code    40  fpclassify.o(i.__ARM_fpclassify)
    __kernel_poly                            0x08006079   Thumb Code   170  poly.o(i.__kernel_poly)
    __mathlib_dbl_underflow                  0x08006125   Thumb Code    10  dunder.o(i.__mathlib_dbl_underflow)
    __scatterload_copy                       0x08006135   Thumb Code    14  handlers.o(i.__scatterload_copy)
    __scatterload_null                       0x08006143   Thumb Code     2  handlers.o(i.__scatterload_null)
    __scatterload_zeroinit                   0x08006145   Thumb Code    14  handlers.o(i.__scatterload_zeroinit)
    __set_errno                              0x08006155   Thumb Code     6  errno.o(i.__set_errno)
    asin                                     0x080065c1   Thumb Code   584  asin.o(i.asin)
    atan                                     0x0800683d   Thumb Code   478  atan.o(i.atan)
    atan2                                    0x08006a61   Thumb Code   346  atan2.o(i.atan2)
    sqrt                                     0x08006be1   Thumb Code    78  sqrt.o(i.sqrt)
    asc2_0806                                0x08006c2e   Data         552  oled.o(.constdata)
    asc2_1206                                0x08006e56   Data        1140  oled.o(.constdata)
    asc2_1608                                0x080072ca   Data        1520  oled.o(.constdata)
    asc2_2412                                0x080078ba   Data        3420  oled.o(.constdata)
    Hzk1                                     0x08008616   Data         352  oled.o(.constdata)
    Hzk2                                     0x08008776   Data          72  oled.o(.constdata)
    Hzk3                                     0x080087be   Data         128  oled.o(.constdata)
    Hzk4                                     0x0800883e   Data         512  oled.o(.constdata)
    reg                                      0x08008a3e   Data          27  inv_mpu.o(.constdata)
    hw                                       0x08008a5a   Data          12  inv_mpu.o(.constdata)
    test                                     0x08008a68   Data          40  inv_mpu.o(.constdata)
    __mathlib_zero                           0x080097c0   Data           8  qnan.o(.constdata)
    Region$$Table$$Base                      0x080097c8   Number         0  anon$$obj.o(Region$$Table)
    Region$$Table$$Limit                     0x080097e8   Number         0  anon$$obj.o(Region$$Table)
    pwm1                                     0x20000000   Data           4  main.o(.data)
    pwm2                                     0x20000004   Data           4  main.o(.data)
    Encoder_Left                             0x20000008   Data           4  main.o(.data)
    Encoder_Right                            0x2000000c   Data           4  main.o(.data)
    Kp_pitch                                 0x20000010   Data           4  main.o(.data)
    Kp_encoder                               0x20000014   Data           4  main.o(.data)
    SystemCoreClock                          0x2000002c   Data           4  system_stm32f10x.o(.data)
    AHBPrescTable                            0x20000030   Data          16  system_stm32f10x.o(.data)
    KUP                                      0x20000046   Data           1  encoder.o(.data)
    cou                                      0x20000048   Data           2  encoder.o(.data)
    TIM_CAP_STA                              0x2000004a   Data           1  capture.o(.data)
    TIM_CAP_VAL                              0x2000004c   Data           2  capture.o(.data)
    __stdout                                 0x20000088   Data           4  stdout.o(.data)
    OLED_GRAM                                0x20000090   Data        1152  oled.o(.bss)
    __initial_sp                             0x20000920   Data           0  startup_stm32f10x_hd.o(STACK)



==============================================================================

Memory Map of the image

  Image Entry point : 0x08000131

  Load Region LR_IROM1 (Base: 0x08000000, Size: 0x00009878, Max: 0x00080000, ABSOLUTE)

    Execution Region ER_IROM1 (Base: 0x08000000, Size: 0x000097e8, Max: 0x00080000, ABSOLUTE)

    Base Addr    Size         Type   Attr      Idx    E Section Name        Object

    0x08000000   0x00000130   Data   RO          513    RESET               startup_stm32f10x_hd.o
    0x08000130   0x00000000   Code   RO          886  * .ARM.Collect$$$$00000000  mc_w.l(entry.o)
    0x08000130   0x00000004   Code   RO         1209    .ARM.Collect$$$$00000001  mc_w.l(entry2.o)
    0x08000134   0x00000004   Code   RO         1212    .ARM.Collect$$$$00000004  mc_w.l(entry5.o)
    0x08000138   0x00000000   Code   RO         1214    .ARM.Collect$$$$00000008  mc_w.l(entry7b.o)
    0x08000138   0x00000000   Code   RO         1216    .ARM.Collect$$$$0000000A  mc_w.l(entry8b.o)
    0x08000138   0x00000008   Code   RO         1217    .ARM.Collect$$$$0000000B  mc_w.l(entry9a.o)
    0x08000140   0x00000000   Code   RO         1219    .ARM.Collect$$$$0000000D  mc_w.l(entry10a.o)
    0x08000140   0x00000000   Code   RO         1221    .ARM.Collect$$$$0000000F  mc_w.l(entry11a.o)
    0x08000140   0x00000004   Code   RO         1210    .ARM.Collect$$$$00002712  mc_w.l(entry2.o)
    0x08000144   0x000002d4   Code   RO            1    .text               main.o
    0x08000418   0x00000010   Code   RO          186    .text               stm32f10x_it.o
    0x08000428   0x000000b0   Code   RO          201    .text               misc.o
    0x080004d8   0x00000264   Code   RO          346    .text               stm32f10x_gpio.o
    0x0800073c   0x000002b8   Code   RO          394    .text               stm32f10x_rcc.o
    0x080009f4   0x00000af4   Code   RO          445    .text               stm32f10x_tim.o
    0x080014e8   0x00000330   Code   RO          458    .text               stm32f10x_usart.o
    0x08001818   0x00000158   Code   RO          493    .text               system_stm32f10x.o
    0x08001970   0x00000024   Code   RO          514    .text               startup_stm32f10x_hd.o
    0x08001994   0x000000f4   Code   RO          549    .text               usart.o
    0x08001a88   0x00000060   Code   RO          561    .text               delay.o
    0x08001ae8   0x000003c8   Code   RO          580    .text               pwm.o
    0x08001eb0   0x00000168   Code   RO          604    .text               key.o
    0x08002018   0x000001d0   Code   RO          647    .text               encoder.o
    0x080021e8   0x00000130   Code   RO          662    .text               capture.o
    0x08002318   0x0000089e   Code   RO          719    .text               oled.o
    0x08002bb6   0x00000002   PAD
    0x08002bb8   0x000000d4   Code   RO          745    .text               olediic.o
    0x08002c8c   0x0000030c   Code   RO          774    .text               mpu6050.o
    0x08002f98   0x00001a50   Code   RO          787    .text               inv_mpu.o
    0x080049e8   0x00000a64   Code   RO          817    .text               inv_mpu_dmp_motion_driver.o
    0x0800544c   0x00000218   Code   RO          843    .text               mpuiic.o
    0x08005664   0x00000094   Code   RO          856    .text               motor.o
    0x080056f8   0x0000005a   Code   RO          889    .text               mc_w.l(ldiv.o)
    0x08005752   0x00000024   Code   RO          891    .text               mc_w.l(memseta.o)
    0x08005776   0x0000001a   Code   RO          893    .text               mc_w.l(memcmp.o)
    0x08005790   0x000000b0   Code   RO         1156    .text               mf_w.l(fadd.o)
    0x08005840   0x0000006c   Code   RO         1158    .text               mf_w.l(fmul.o)
    0x080058ac   0x00000080   Code   RO         1160    .text               mf_w.l(fdiv.o)
    0x0800592c   0x00000018   Code   RO         1162    .text               mf_w.l(fscalb.o)
    0x08005944   0x0000014e   Code   RO         1164    .text               mf_w.l(dadd.o)
    0x08005a92   0x000000e4   Code   RO         1166    .text               mf_w.l(dmul.o)
    0x08005b76   0x000000de   Code   RO         1168    .text               mf_w.l(ddiv.o)
    0x08005c54   0x00000012   Code   RO         1170    .text               mf_w.l(fflti.o)
    0x08005c66   0x0000000a   Code   RO         1172    .text               mf_w.l(ffltui.o)
    0x08005c70   0x00000022   Code   RO         1174    .text               mf_w.l(dflti.o)
    0x08005c92   0x00000032   Code   RO         1176    .text               mf_w.l(ffixi.o)
    0x08005cc4   0x00000028   Code   RO         1178    .text               mf_w.l(ffixui.o)
    0x08005cec   0x00000026   Code   RO         1180    .text               mf_w.l(f2d.o)
    0x08005d12   0x00000038   Code   RO         1182    .text               mf_w.l(d2f.o)
    0x08005d4a   0x00000062   Code   RO         1226    .text               mc_w.l(uldiv.o)
    0x08005dac   0x0000001e   Code   RO         1228    .text               mc_w.l(llshl.o)
    0x08005dca   0x00000024   Code   RO         1230    .text               mc_w.l(llsshr.o)
    0x08005dee   0x00000000   Code   RO         1239    .text               mc_w.l(iusefp.o)
    0x08005dee   0x0000006c   Code   RO         1240    .text               mf_w.l(fepilogue.o)
    0x08005e5a   0x000000be   Code   RO         1242    .text               mf_w.l(depilogue.o)
    0x08005f18   0x0000002e   Code   RO         1244    .text               mf_w.l(dscalb.o)
    0x08005f46   0x00000002   PAD
    0x08005f48   0x00000024   Code   RO         1250    .text               mc_w.l(init.o)
    0x08005f6c   0x00000020   Code   RO         1252    .text               mc_w.l(llushr.o)
    0x08005f8c   0x000000a2   Code   RO         1254    .text               mf_w.l(dsqrt.o)
    0x0800602e   0x00000002   PAD
    0x08006030   0x00000020   Code   RO         1102    i.__0printf$8       mc_w.l(printf8.o)
    0x08006050   0x00000028   Code   RO         1196    i.__ARM_fpclassify  m_ws.l(fpclassify.o)
    0x08006078   0x000000aa   Code   RO         1198    i.__kernel_poly     m_ws.l(poly.o)
    0x08006122   0x00000002   PAD
    0x08006124   0x00000010   Code   RO         1194    i.__mathlib_dbl_underflow  m_ws.l(dunder.o)
    0x08006134   0x0000000e   Code   RO         1260    i.__scatterload_copy  mc_w.l(handlers.o)
    0x08006142   0x00000002   Code   RO         1261    i.__scatterload_null  mc_w.l(handlers.o)
    0x08006144   0x0000000e   Code   RO         1262    i.__scatterload_zeroinit  mc_w.l(handlers.o)
    0x08006152   0x00000002   PAD
    0x08006154   0x0000000c   Code   RO         1234    i.__set_errno       mc_w.l(errno.o)
    0x08006160   0x00000408   Code   RO         1109    i._printf_core      mc_w.l(printf8.o)
    0x08006568   0x00000026   Code   RO         1110    i._printf_post_padding  mc_w.l(printf8.o)
    0x0800658e   0x00000030   Code   RO         1111    i._printf_pre_padding  mc_w.l(printf8.o)
    0x080065be   0x00000002   PAD
    0x080065c0   0x0000027c   Code   RO          869    i.asin              m_ws.l(asin.o)
    0x0800683c   0x00000224   Code   RO         1185    i.atan              m_ws.l(atan.o)
    0x08006a60   0x00000180   Code   RO          879    i.atan2             m_ws.l(atan2.o)
    0x08006be0   0x0000004e   Code   RO         1202    i.sqrt              m_ws.l(sqrt.o)
    0x08006c2e   0x00001e10   Data   RO          721    .constdata          oled.o
    0x08008a3e   0x0000001b   Data   RO          788    .constdata          inv_mpu.o
    0x08008a59   0x00000001   PAD
    0x08008a5a   0x0000000c   Data   RO          789    .constdata          inv_mpu.o
    0x08008a66   0x00000002   PAD
    0x08008a68   0x00000028   Data   RO          790    .constdata          inv_mpu.o
    0x08008a90   0x0000004d   Data   RO          791    .constdata          inv_mpu.o
    0x08008add   0x00000bf6   Data   RO          819    .constdata          inv_mpu_dmp_motion_driver.o
    0x080096d3   0x00000005   PAD
    0x080096d8   0x00000050   Data   RO          870    .constdata          m_ws.l(asin.o)
    0x08009728   0x00000098   Data   RO         1186    .constdata          m_ws.l(atan.o)
    0x080097c0   0x00000008   Data   RO         1200    .constdata          m_ws.l(qnan.o)
    0x080097c8   0x00000020   Data   RO         1258    Region$$Table       anon$$obj.o


    Execution Region RW_IRAM1 (Base: 0x20000000, Size: 0x00000920, Max: 0x00010000, ABSOLUTE)

    Base Addr    Size         Type   Attr      Idx    E Section Name        Object

    0x20000000   0x00000018   Data   RW            8    .data               main.o
    0x20000018   0x00000014   Data   RW          395    .data               stm32f10x_rcc.o
    0x2000002c   0x00000014   Data   RW          494    .data               system_stm32f10x.o
    0x20000040   0x00000004   Data   RW          562    .data               delay.o
    0x20000044   0x00000001   Data   RW          605    .data               key.o
    0x20000045   0x00000001   PAD
    0x20000046   0x00000004   Data   RW          648    .data               encoder.o
    0x2000004a   0x00000004   Data   RW          663    .data               capture.o
    0x2000004e   0x00000002   PAD
    0x20000050   0x00000035   Data   RW          792    .data               inv_mpu.o
    0x20000085   0x00000003   PAD
    0x20000088   0x00000004   Data   RW         1223    .data               mc_w.l(stdout.o)
    0x2000008c   0x00000004   Data   RW         1235    .data               mc_w.l(errno.o)
    0x20000090   0x00000480   Zero   RW          720    .bss                oled.o
    0x20000510   0x00000010   Zero   RW          818    .bss                inv_mpu_dmp_motion_driver.o
    0x20000520   0x00000400   Zero   RW          511    STACK               startup_stm32f10x_hd.o


==============================================================================

Image component sizes


      Code (inc. data)   RO Data    RW Data    ZI Data      Debug   Object Name

       304         14          0          4          0       1278   capture.o
         0          0          0          0          0         32   core_cm3.o
        96         16          0          4          0      16605   delay.o
       464         18          0          4          0       2090   encoder.o
      6736        196        156         53          0      21543   inv_mpu.o
      2660        118       3062          0         16      14005   inv_mpu_dmp_motion_driver.o
       360         14          0          1          0       1109   key.o
       724         68          0         24          0     256316   main.o
       176         18          0          0          0       1661   misc.o
       148         18          0          0          0        592   motor.o
       780         32          0          0          0       3597   mpu6050.o
       536         12          0          0          0       2748   mpuiic.o
      2206         46       7696          0       1152       7464   oled.o
       212          4          0          0          0       1455   olediic.o
       968         24          0          0          0       2626   pwm.o
        36          8        304          0       1024        792   startup_stm32f10x_hd.o
       612         36          0          0          0       4929   stm32f10x_gpio.o
        16          0          0          0          0       1086   stm32f10x_it.o
       696         34          0         20          0       8072   stm32f10x_rcc.o
      2804         86          0          0          0      18142   stm32f10x_tim.o
       816         20          0          0          0       7268   stm32f10x_usart.o
       344         34          0         20          0       1859   system_stm32f10x.o
       244         14          0          0          0        859   usart.o

    ----------------------------------------------------------------------
     21940        830      11258        136       2192     376128   Object Totals
         0          0         32          0          0          0   (incl. Generated)
         2          0          8          6          0          0   (incl. Padding)

    ----------------------------------------------------------------------

      Code (inc. data)   RO Data    RW Data    ZI Data      Debug   Library Member Name

       636         52         80          0          0        168   asin.o
       548         70        152          0          0        124   atan.o
       384         38          0          0          0        144   atan2.o
        16          6          0          0          0         68   dunder.o
        40          0          0          0          0         68   fpclassify.o
       170          0          0          0          0         96   poly.o
         0          0          8          0          0          0   qnan.o
        78          0          0          0          0         84   sqrt.o
         0          0          0          0          0          0   entry.o
         0          0          0          0          0          0   entry10a.o
         0          0          0          0          0          0   entry11a.o
         8          4          0          0          0          0   entry2.o
         4          0          0          0          0          0   entry5.o
         0          0          0          0          0          0   entry7b.o
         0          0          0          0          0          0   entry8b.o
         8          4          0          0          0          0   entry9a.o
        12          6          0          4          0         68   errno.o
        30          0          0          0          0          0   handlers.o
        36          8          0          0          0         68   init.o
         0          0          0          0          0          0   iusefp.o
        90          0          0          0          0         84   ldiv.o
        30          0          0          0          0         68   llshl.o
        36          0          0          0          0         68   llsshr.o
        32          0          0          0          0         68   llushr.o
        26          0          0          0          0         80   memcmp.o
        36          0          0          0          0        108   memseta.o
      1150         54          0          0          0        352   printf8.o
         0          0          0          4          0          0   stdout.o
        98          0          0          0          0         92   uldiv.o
        56          0          0          0          0         88   d2f.o
       334          0          0          0          0        144   dadd.o
       222          0          0          0          0        100   ddiv.o
       190          0          0          0          0        176   depilogue.o
        34          0          0          0          0         76   dflti.o
       228          0          0          0          0         92   dmul.o
        46          0          0          0          0         80   dscalb.o
       162          0          0          0          0        100   dsqrt.o
        38          0          0          0          0         68   f2d.o
       176          0          0          0          0        140   fadd.o
       128          0          0          0          0         88   fdiv.o
       108          0          0          0          0        168   fepilogue.o
        50          0          0          0          0         68   ffixi.o
        40          0          0          0          0         68   ffixui.o
        18          0          0          0          0         68   fflti.o
        10          0          0          0          0         68   ffltui.o
       108          0          0          0          0         76   fmul.o
        24          0          0          0          0         68   fscalb.o

    ----------------------------------------------------------------------
      5450        242        240          8          0       3544   Library Totals
        10          0          0          0          0          0   (incl. Padding)

    ----------------------------------------------------------------------

      Code (inc. data)   RO Data    RW Data    ZI Data      Debug   Library Name

      1872        166        240          0          0        752   m_ws.l
      1596         76          0          8          0       1056   mc_w.l
      1972          0          0          0          0       1736   mf_w.l

    ----------------------------------------------------------------------
      5450        242        240          8          0       3544   Library Totals

    ----------------------------------------------------------------------

==============================================================================


      Code (inc. data)   RO Data    RW Data    ZI Data      Debug   

     27390       1072      11498        144       2192     375304   Grand Totals
     27390       1072      11498        144       2192     375304   ELF Image Totals
     27390       1072      11498        144          0          0   ROM Totals

==============================================================================

    Total RO  Size (Code + RO Data)                38888 (  37.98kB)
    Total RW  Size (RW Data + ZI Data)              2336 (   2.28kB)
    Total ROM Size (Code + RO Data + RW Data)      39032 (  38.12kB)

==============================================================================

